[2022-10-27T17:59:35.179+0100][gc] Using G1
[2022-10-27T17:59:35.183+0100][gc,init] Version: 17.0.4+8-Ubuntu-122.04 (release)
[2022-10-27T17:59:35.183+0100][gc,init] CPUs: 16 total, 16 available
[2022-10-27T17:59:35.183+0100][gc,init] Memory: 31939M
[2022-10-27T17:59:35.183+0100][gc,init] Large Page Support: Disabled
[2022-10-27T17:59:35.183+0100][gc,init] NUMA Support: Disabled
[2022-10-27T17:59:35.183+0100][gc,init] Compressed Oops: Enabled (32-bit)
[2022-10-27T17:59:35.183+0100][gc,init] Heap Region Size: 1M
[2022-10-27T17:59:35.183+0100][gc,init] Heap Min Capacity: 1G
[2022-10-27T17:59:35.183+0100][gc,init] Heap Initial Capacity: 1G
[2022-10-27T17:59:35.183+0100][gc,init] Heap Max Capacity: 1G
[2022-10-27T17:59:35.183+0100][gc,init] Pre-touch: Disabled
[2022-10-27T17:59:35.183+0100][gc,init] Parallel Workers: 13
[2022-10-27T17:59:35.183+0100][gc,init] Concurrent Workers: 3
[2022-10-27T17:59:35.183+0100][gc,init] Concurrent Refinement Workers: 13
[2022-10-27T17:59:35.183+0100][gc,init] Periodic GC: Disabled
[2022-10-27T17:59:35.183+0100][gc,metaspace] CDS archive(s) mapped at: [0x0000000800000000-0x0000000800be3000-0x0000000800be3000), size 12464128, SharedBaseAddress: 0x0000000800000000, ArchiveRelocationMode: 0.
[2022-10-27T17:59:35.183+0100][gc,metaspace] Compressed class space mapped at: 0x0000000800c00000-0x0000000840c00000, reserved size: 1073741824
[2022-10-27T17:59:35.183+0100][gc,metaspace] Narrow klass base: 0x0000000800000000, Narrow klass shift: 0, Narrow klass range: 0x100000000
[2022-10-27T17:59:35.751+0100][gc,start    ] GC(0) Pause Young (Normal) (G1 Evacuation Pause)
[2022-10-27T17:59:35.752+0100][gc,task     ] GC(0) Using 13 workers of 13 for evacuation
[2022-10-27T17:59:35.755+0100][gc,phases   ] GC(0)   Pre Evacuate Collection Set: 0,1ms
[2022-10-27T17:59:35.755+0100][gc,phases   ] GC(0)   Merge Heap Roots: 0,1ms
[2022-10-27T17:59:35.755+0100][gc,phases   ] GC(0)   Evacuate Collection Set: 2,5ms
[2022-10-27T17:59:35.755+0100][gc,phases   ] GC(0)   Post Evacuate Collection Set: 0,3ms
[2022-10-27T17:59:35.755+0100][gc,phases   ] GC(0)   Other: 0,6ms
[2022-10-27T17:59:35.755+0100][gc,heap     ] GC(0) Eden regions: 51->0(44)
[2022-10-27T17:59:35.755+0100][gc,heap     ] GC(0) Survivor regions: 0->7(7)
[2022-10-27T17:59:35.755+0100][gc,heap     ] GC(0) Old regions: 0->1
[2022-10-27T17:59:35.755+0100][gc,heap     ] GC(0) Archive regions: 2->2
[2022-10-27T17:59:35.755+0100][gc,heap     ] GC(0) Humongous regions: 0->0
[2022-10-27T17:59:35.755+0100][gc,metaspace] GC(0) Metaspace: 18728K(18880K)->18728K(18880K) NonClass: 16487K(16576K)->16487K(16576K) Class: 2241K(2304K)->2241K(2304K)
[2022-10-27T17:59:35.755+0100][gc          ] GC(0) Pause Young (Normal) (G1 Evacuation Pause) 51M->8M(1024M) 3,731ms
[2022-10-27T17:59:35.755+0100][gc,cpu      ] GC(0) User=0,01s Sys=0,01s Real=0,01s
[2022-10-27T17:59:35.878+0100][gc,start    ] GC(1) Pause Young (Concurrent Start) (Metadata GC Threshold)
[2022-10-27T17:59:35.878+0100][gc,task     ] GC(1) Using 13 workers of 13 for evacuation
[2022-10-27T17:59:35.880+0100][gc,phases   ] GC(1)   Pre Evacuate Collection Set: 0,1ms
[2022-10-27T17:59:35.880+0100][gc,phases   ] GC(1)   Merge Heap Roots: 0,0ms
[2022-10-27T17:59:35.880+0100][gc,phases   ] GC(1)   Evacuate Collection Set: 2,2ms
[2022-10-27T17:59:35.880+0100][gc,phases   ] GC(1)   Post Evacuate Collection Set: 0,2ms
[2022-10-27T17:59:35.880+0100][gc,phases   ] GC(1)   Other: 0,2ms
[2022-10-27T17:59:35.881+0100][gc,heap     ] GC(1) Eden regions: 12->0(49)
[2022-10-27T17:59:35.881+0100][gc,heap     ] GC(1) Survivor regions: 7->2(7)
[2022-10-27T17:59:35.881+0100][gc,heap     ] GC(1) Old regions: 1->8
[2022-10-27T17:59:35.881+0100][gc,heap     ] GC(1) Archive regions: 2->2
[2022-10-27T17:59:35.881+0100][gc,heap     ] GC(1) Humongous regions: 129->129
[2022-10-27T17:59:35.881+0100][gc,metaspace] GC(1) Metaspace: 21264K(21504K)->21264K(21504K) NonClass: 18689K(18816K)->18689K(18816K) Class: 2575K(2688K)->2575K(2688K)
[2022-10-27T17:59:35.881+0100][gc          ] GC(1) Pause Young (Concurrent Start) (Metadata GC Threshold) 148M->138M(1024M) 2,875ms
[2022-10-27T17:59:35.881+0100][gc,cpu      ] GC(1) User=0,02s Sys=0,00s Real=0,00s
[2022-10-27T17:59:35.881+0100][gc          ] GC(2) Concurrent Mark Cycle
[2022-10-27T17:59:35.881+0100][gc,marking  ] GC(2) Concurrent Clear Claimed Marks
[2022-10-27T17:59:35.881+0100][gc,marking  ] GC(2) Concurrent Clear Claimed Marks 0,014ms
[2022-10-27T17:59:35.881+0100][gc,marking  ] GC(2) Concurrent Scan Root Regions
[2022-10-27T17:59:35.882+0100][gc,marking  ] GC(2) Concurrent Scan Root Regions 1,453ms
[2022-10-27T17:59:35.882+0100][gc,marking  ] GC(2) Concurrent Mark
[2022-10-27T17:59:35.882+0100][gc,marking  ] GC(2) Concurrent Mark From Roots
[2022-10-27T17:59:35.882+0100][gc,task     ] GC(2) Using 3 workers of 3 for marking
[2022-10-27T17:59:35.883+0100][gc,marking  ] GC(2) Concurrent Mark From Roots 1,236ms
[2022-10-27T17:59:35.883+0100][gc,marking  ] GC(2) Concurrent Preclean
[2022-10-27T17:59:35.883+0100][gc,marking  ] GC(2) Concurrent Preclean 0,070ms
[2022-10-27T17:59:35.884+0100][gc,start    ] GC(2) Pause Remark
[2022-10-27T17:59:35.884+0100][gc          ] GC(2) Pause Remark 139M->139M(1024M) 0,784ms
[2022-10-27T17:59:35.884+0100][gc,cpu      ] GC(2) User=0,01s Sys=0,00s Real=0,00s
[2022-10-27T17:59:35.884+0100][gc,marking  ] GC(2) Concurrent Mark 2,274ms
[2022-10-27T17:59:35.884+0100][gc,marking  ] GC(2) Concurrent Rebuild Remembered Sets
[2022-10-27T17:59:35.885+0100][gc,marking  ] GC(2) Concurrent Rebuild Remembered Sets 0,937ms
[2022-10-27T17:59:35.885+0100][gc,start    ] GC(2) Pause Cleanup
[2022-10-27T17:59:35.886+0100][gc          ] GC(2) Pause Cleanup 139M->139M(1024M) 0,062ms
[2022-10-27T17:59:35.886+0100][gc,cpu      ] GC(2) User=0,00s Sys=0,00s Real=0,00s
[2022-10-27T17:59:35.886+0100][gc,marking  ] GC(2) Concurrent Cleanup for Next Mark
[2022-10-27T17:59:35.887+0100][gc,marking  ] GC(2) Concurrent Cleanup for Next Mark 1,724ms
[2022-10-27T17:59:35.887+0100][gc          ] GC(2) Concurrent Mark Cycle 6,671ms
[2022-10-27T17:59:36.228+0100][gc,start    ] GC(3) Pause Young (Normal) (G1 Evacuation Pause)
[2022-10-27T17:59:36.228+0100][gc,task     ] GC(3) Using 13 workers of 13 for evacuation
[2022-10-27T17:59:36.230+0100][gc,phases   ] GC(3)   Pre Evacuate Collection Set: 0,1ms
[2022-10-27T17:59:36.230+0100][gc,phases   ] GC(3)   Merge Heap Roots: 0,0ms
[2022-10-27T17:59:36.230+0100][gc,phases   ] GC(3)   Evacuate Collection Set: 1,4ms
[2022-10-27T17:59:36.230+0100][gc,phases   ] GC(3)   Post Evacuate Collection Set: 0,2ms
[2022-10-27T17:59:36.230+0100][gc,phases   ] GC(3)   Other: 0,1ms
[2022-10-27T17:59:36.230+0100][gc,heap     ] GC(3) Eden regions: 49->0(45)
[2022-10-27T17:59:36.230+0100][gc,heap     ] GC(3) Survivor regions: 2->6(7)
[2022-10-27T17:59:36.230+0100][gc,heap     ] GC(3) Old regions: 8->8
[2022-10-27T17:59:36.230+0100][gc,heap     ] GC(3) Archive regions: 2->2
[2022-10-27T17:59:36.230+0100][gc,heap     ] GC(3) Humongous regions: 129->129
[2022-10-27T17:59:36.230+0100][gc,metaspace] GC(3) Metaspace: 32875K(33152K)->32875K(33152K) NonClass: 29170K(29312K)->29170K(29312K) Class: 3704K(3840K)->3704K(3840K)
[2022-10-27T17:59:36.230+0100][gc          ] GC(3) Pause Young (Normal) (G1 Evacuation Pause) 187M->142M(1024M) 1,806ms
[2022-10-27T17:59:36.230+0100][gc,cpu      ] GC(3) User=0,02s Sys=0,01s Real=0,00s
[2022-10-27T18:03:34.781+0100][gc,start    ] GC(4) Pause Young (Concurrent Start) (Metadata GC Threshold)
[2022-10-27T18:03:34.781+0100][gc,task     ] GC(4) Using 13 workers of 13 for evacuation
[2022-10-27T18:03:34.784+0100][gc,phases   ] GC(4)   Pre Evacuate Collection Set: 0,1ms
[2022-10-27T18:03:34.784+0100][gc,phases   ] GC(4)   Merge Heap Roots: 0,0ms
[2022-10-27T18:03:34.784+0100][gc,phases   ] GC(4)   Evacuate Collection Set: 2,2ms
[2022-10-27T18:03:34.784+0100][gc,phases   ] GC(4)   Post Evacuate Collection Set: 0,3ms
[2022-10-27T18:03:34.784+0100][gc,phases   ] GC(4)   Other: 0,1ms
[2022-10-27T18:03:34.784+0100][gc,heap     ] GC(4) Eden regions: 17->0(49)
[2022-10-27T18:03:34.784+0100][gc,heap     ] GC(4) Survivor regions: 6->2(7)
[2022-10-27T18:03:34.784+0100][gc,heap     ] GC(4) Old regions: 8->13
[2022-10-27T18:03:34.784+0100][gc,heap     ] GC(4) Archive regions: 2->2
[2022-10-27T18:03:34.784+0100][gc,heap     ] GC(4) Humongous regions: 129->129
[2022-10-27T18:03:34.784+0100][gc,metaspace] GC(4) Metaspace: 35855K(36096K)->35855K(36096K) NonClass: 31665K(31808K)->31665K(31808K) Class: 4190K(4288K)->4190K(4288K)
[2022-10-27T18:03:34.784+0100][gc          ] GC(4) Pause Young (Concurrent Start) (Metadata GC Threshold) 159M->143M(1024M) 2,870ms
[2022-10-27T18:03:34.784+0100][gc,cpu      ] GC(4) User=0,03s Sys=0,00s Real=0,00s
[2022-10-27T18:03:34.784+0100][gc          ] GC(5) Concurrent Mark Cycle
[2022-10-27T18:03:34.784+0100][gc,marking  ] GC(5) Concurrent Clear Claimed Marks
[2022-10-27T18:03:34.784+0100][gc,marking  ] GC(5) Concurrent Clear Claimed Marks 0,019ms
[2022-10-27T18:03:34.784+0100][gc,marking  ] GC(5) Concurrent Scan Root Regions
[2022-10-27T18:03:34.786+0100][gc,marking  ] GC(5) Concurrent Scan Root Regions 1,755ms
[2022-10-27T18:03:34.786+0100][gc,marking  ] GC(5) Concurrent Mark
[2022-10-27T18:03:34.786+0100][gc,marking  ] GC(5) Concurrent Mark From Roots
[2022-10-27T18:03:34.786+0100][gc,task     ] GC(5) Using 3 workers of 3 for marking
[2022-10-27T18:03:34.791+0100][gc,marking  ] GC(5) Concurrent Mark From Roots 4,386ms
[2022-10-27T18:03:34.791+0100][gc,marking  ] GC(5) Concurrent Preclean
[2022-10-27T18:03:34.791+0100][gc,marking  ] GC(5) Concurrent Preclean 0,151ms
[2022-10-27T18:03:34.791+0100][gc,start    ] GC(5) Pause Remark
[2022-10-27T18:03:34.792+0100][gc          ] GC(5) Pause Remark 144M->144M(1024M) 1,095ms
[2022-10-27T18:03:34.792+0100][gc,cpu      ] GC(5) User=0,01s Sys=0,01s Real=0,00s
[2022-10-27T18:03:34.792+0100][gc,marking  ] GC(5) Concurrent Mark 5,837ms
[2022-10-27T18:03:34.792+0100][gc,marking  ] GC(5) Concurrent Rebuild Remembered Sets
[2022-10-27T18:03:34.795+0100][gc,marking  ] GC(5) Concurrent Rebuild Remembered Sets 2,969ms
[2022-10-27T18:03:34.795+0100][gc,start    ] GC(5) Pause Cleanup
[2022-10-27T18:03:34.795+0100][gc          ] GC(5) Pause Cleanup 144M->144M(1024M) 0,128ms
[2022-10-27T18:03:34.795+0100][gc,cpu      ] GC(5) User=0,00s Sys=0,00s Real=0,00s
[2022-10-27T18:03:34.795+0100][gc,marking  ] GC(5) Concurrent Cleanup for Next Mark
[2022-10-27T18:03:34.798+0100][gc,marking  ] GC(5) Concurrent Cleanup for Next Mark 2,300ms
[2022-10-27T18:03:34.798+0100][gc          ] GC(5) Concurrent Mark Cycle 13,260ms
[2022-10-27T18:13:59.221+0100][gc,start    ] GC(6) Pause Young (Prepare Mixed) (G1 Evacuation Pause)
[2022-10-27T18:13:59.221+0100][gc,task     ] GC(6) Using 13 workers of 13 for evacuation
[2022-10-27T18:13:59.224+0100][gc,phases   ] GC(6)   Pre Evacuate Collection Set: 0,1ms
[2022-10-27T18:13:59.224+0100][gc,phases   ] GC(6)   Merge Heap Roots: 0,1ms
[2022-10-27T18:13:59.224+0100][gc,phases   ] GC(6)   Evacuate Collection Set: 2,2ms
[2022-10-27T18:13:59.224+0100][gc,phases   ] GC(6)   Post Evacuate Collection Set: 0,4ms
[2022-10-27T18:13:59.224+0100][gc,phases   ] GC(6)   Other: 0,1ms
[2022-10-27T18:13:59.224+0100][gc,heap     ] GC(6) Eden regions: 49->0(47)
[2022-10-27T18:13:59.224+0100][gc,heap     ] GC(6) Survivor regions: 2->4(7)
[2022-10-27T18:13:59.224+0100][gc,heap     ] GC(6) Old regions: 13->13
[2022-10-27T18:13:59.224+0100][gc,heap     ] GC(6) Archive regions: 2->2
[2022-10-27T18:13:59.224+0100][gc,heap     ] GC(6) Humongous regions: 129->129
[2022-10-27T18:13:59.224+0100][gc,metaspace] GC(6) Metaspace: 41199K(41792K)->41199K(41792K) NonClass: 36248K(36608K)->36248K(36608K) Class: 4950K(5184K)->4950K(5184K)
[2022-10-27T18:13:59.224+0100][gc          ] GC(6) Pause Young (Prepare Mixed) (G1 Evacuation Pause) 192M->146M(1024M) 3,001ms
[2022-10-27T18:13:59.224+0100][gc,cpu      ] GC(6) User=0,03s Sys=0,00s Real=0,00s
[2022-10-27T18:25:05.950+0100][gc,start    ] GC(7) Pause Young (Mixed) (G1 Evacuation Pause)
[2022-10-27T18:25:05.950+0100][gc,task     ] GC(7) Using 13 workers of 13 for evacuation
[2022-10-27T18:25:05.954+0100][gc,phases   ] GC(7)   Pre Evacuate Collection Set: 0,1ms
[2022-10-27T18:25:05.954+0100][gc,phases   ] GC(7)   Merge Heap Roots: 0,0ms
[2022-10-27T18:25:05.954+0100][gc,phases   ] GC(7)   Evacuate Collection Set: 3,1ms
[2022-10-27T18:25:05.954+0100][gc,phases   ] GC(7)   Post Evacuate Collection Set: 0,3ms
[2022-10-27T18:25:05.954+0100][gc,phases   ] GC(7)   Other: 0,1ms
[2022-10-27T18:25:05.954+0100][gc,heap     ] GC(7) Eden regions: 47->0(46)
[2022-10-27T18:25:05.954+0100][gc,heap     ] GC(7) Survivor regions: 4->5(7)
[2022-10-27T18:25:05.954+0100][gc,heap     ] GC(7) Old regions: 13->14
[2022-10-27T18:25:05.954+0100][gc,heap     ] GC(7) Archive regions: 2->2
[2022-10-27T18:25:05.954+0100][gc,heap     ] GC(7) Humongous regions: 129->129
[2022-10-27T18:25:05.954+0100][gc,metaspace] GC(7) Metaspace: 41735K(42368K)->41735K(42368K) NonClass: 36768K(37120K)->36768K(37120K) Class: 4966K(5248K)->4966K(5248K)
[2022-10-27T18:25:05.954+0100][gc          ] GC(7) Pause Young (Mixed) (G1 Evacuation Pause) 193M->148M(1024M) 3,759ms
[2022-10-27T18:25:05.954+0100][gc,cpu      ] GC(7) User=0,03s Sys=0,00s Real=0,00s
[2022-10-27T18:36:07.241+0100][gc,start    ] GC(8) Pause Young (Normal) (G1 Evacuation Pause)
[2022-10-27T18:36:07.241+0100][gc,task     ] GC(8) Using 13 workers of 13 for evacuation
[2022-10-27T18:36:07.244+0100][gc,phases   ] GC(8)   Pre Evacuate Collection Set: 0,1ms
[2022-10-27T18:36:07.244+0100][gc,phases   ] GC(8)   Merge Heap Roots: 0,1ms
[2022-10-27T18:36:07.244+0100][gc,phases   ] GC(8)   Evacuate Collection Set: 2,2ms
[2022-10-27T18:36:07.244+0100][gc,phases   ] GC(8)   Post Evacuate Collection Set: 0,2ms
[2022-10-27T18:36:07.244+0100][gc,phases   ] GC(8)   Other: 0,1ms
[2022-10-27T18:36:07.244+0100][gc,heap     ] GC(8) Eden regions: 46->0(47)
[2022-10-27T18:36:07.244+0100][gc,heap     ] GC(8) Survivor regions: 5->4(7)
[2022-10-27T18:36:07.244+0100][gc,heap     ] GC(8) Old regions: 14->16
[2022-10-27T18:36:07.244+0100][gc,heap     ] GC(8) Archive regions: 2->2
[2022-10-27T18:36:07.244+0100][gc,heap     ] GC(8) Humongous regions: 129->129
[2022-10-27T18:36:07.244+0100][gc,metaspace] GC(8) Metaspace: 42012K(42624K)->42012K(42624K) NonClass: 37003K(37376K)->37003K(37376K) Class: 5008K(5248K)->5008K(5248K)
[2022-10-27T18:36:07.244+0100][gc          ] GC(8) Pause Young (Normal) (G1 Evacuation Pause) 194M->149M(1024M) 2,767ms
[2022-10-27T18:36:07.244+0100][gc,cpu      ] GC(8) User=0,02s Sys=0,00s Real=0,00s
[2022-10-27T18:37:55.522+0100][gc,heap,exit] Heap
[2022-10-27T18:37:55.522+0100][gc,heap,exit]  garbage-first heap   total 1048576K, used 176670K [0x00000000c0000000, 0x0000000100000000)
[2022-10-27T18:37:55.522+0100][gc,heap,exit]   region size 1024K, 28 young (28672K), 4 survivors (4096K)
[2022-10-27T18:37:55.522+0100][gc,heap,exit]  Metaspace       used 42728K, committed 43328K, reserved 1089536K
[2022-10-27T18:37:55.522+0100][gc,heap,exit]   class space    used 5174K, committed 5440K, reserved 1048576K
