[2022-10-28T18:44:22.893+0100][gc] Using G1
[2022-10-28T18:44:22.896+0100][gc,init] Version: 17.0.4+8-Ubuntu-122.04 (release)
[2022-10-28T18:44:22.896+0100][gc,init] CPUs: 16 total, 16 available
[2022-10-28T18:44:22.896+0100][gc,init] Memory: 31939M
[2022-10-28T18:44:22.896+0100][gc,init] Large Page Support: Disabled
[2022-10-28T18:44:22.896+0100][gc,init] NUMA Support: Disabled
[2022-10-28T18:44:22.896+0100][gc,init] Compressed Oops: Enabled (32-bit)
[2022-10-28T18:44:22.896+0100][gc,init] Heap Region Size: 1M
[2022-10-28T18:44:22.896+0100][gc,init] Heap Min Capacity: 1G
[2022-10-28T18:44:22.896+0100][gc,init] Heap Initial Capacity: 1G
[2022-10-28T18:44:22.896+0100][gc,init] Heap Max Capacity: 1G
[2022-10-28T18:44:22.896+0100][gc,init] Pre-touch: Disabled
[2022-10-28T18:44:22.896+0100][gc,init] Parallel Workers: 13
[2022-10-28T18:44:22.896+0100][gc,init] Concurrent Workers: 3
[2022-10-28T18:44:22.896+0100][gc,init] Concurrent Refinement Workers: 13
[2022-10-28T18:44:22.896+0100][gc,init] Periodic GC: Disabled
[2022-10-28T18:44:22.896+0100][gc,metaspace] CDS archive(s) mapped at: [0x0000000800000000-0x0000000800be3000-0x0000000800be3000), size 12464128, SharedBaseAddress: 0x0000000800000000, ArchiveRelocationMode: 0.
[2022-10-28T18:44:22.896+0100][gc,metaspace] Compressed class space mapped at: 0x0000000800c00000-0x0000000840c00000, reserved size: 1073741824
[2022-10-28T18:44:22.896+0100][gc,metaspace] Narrow klass base: 0x0000000800000000, Narrow klass shift: 0, Narrow klass range: 0x100000000
[2022-10-28T18:44:23.439+0100][gc,start    ] GC(0) Pause Young (Normal) (G1 Evacuation Pause)
[2022-10-28T18:44:23.440+0100][gc,task     ] GC(0) Using 13 workers of 13 for evacuation
[2022-10-28T18:44:23.442+0100][gc,phases   ] GC(0)   Pre Evacuate Collection Set: 0,1ms
[2022-10-28T18:44:23.442+0100][gc,phases   ] GC(0)   Merge Heap Roots: 0,1ms
[2022-10-28T18:44:23.442+0100][gc,phases   ] GC(0)   Evacuate Collection Set: 2,3ms
[2022-10-28T18:44:23.442+0100][gc,phases   ] GC(0)   Post Evacuate Collection Set: 0,3ms
[2022-10-28T18:44:23.442+0100][gc,phases   ] GC(0)   Other: 0,5ms
[2022-10-28T18:44:23.442+0100][gc,heap     ] GC(0) Eden regions: 51->0(44)
[2022-10-28T18:44:23.442+0100][gc,heap     ] GC(0) Survivor regions: 0->7(7)
[2022-10-28T18:44:23.442+0100][gc,heap     ] GC(0) Old regions: 0->1
[2022-10-28T18:44:23.442+0100][gc,heap     ] GC(0) Archive regions: 2->2
[2022-10-28T18:44:23.442+0100][gc,heap     ] GC(0) Humongous regions: 0->0
[2022-10-28T18:44:23.442+0100][gc,metaspace] GC(0) Metaspace: 18327K(18432K)->18327K(18432K) NonClass: 16144K(16192K)->16144K(16192K) Class: 2183K(2240K)->2183K(2240K)
[2022-10-28T18:44:23.442+0100][gc          ] GC(0) Pause Young (Normal) (G1 Evacuation Pause) 51M->8M(1024M) 3,364ms
[2022-10-28T18:44:23.442+0100][gc,cpu      ] GC(0) User=0,03s Sys=0,01s Real=0,00s
[2022-10-28T18:44:23.578+0100][gc,start    ] GC(1) Pause Young (Concurrent Start) (Metadata GC Threshold)
[2022-10-28T18:44:23.578+0100][gc,task     ] GC(1) Using 13 workers of 13 for evacuation
[2022-10-28T18:44:23.581+0100][gc,phases   ] GC(1)   Pre Evacuate Collection Set: 0,1ms
[2022-10-28T18:44:23.581+0100][gc,phases   ] GC(1)   Merge Heap Roots: 0,0ms
[2022-10-28T18:44:23.581+0100][gc,phases   ] GC(1)   Evacuate Collection Set: 2,9ms
[2022-10-28T18:44:23.581+0100][gc,phases   ] GC(1)   Post Evacuate Collection Set: 0,3ms
[2022-10-28T18:44:23.581+0100][gc,phases   ] GC(1)   Other: 0,2ms
[2022-10-28T18:44:23.581+0100][gc,heap     ] GC(1) Eden regions: 13->0(49)
[2022-10-28T18:44:23.581+0100][gc,heap     ] GC(1) Survivor regions: 7->2(7)
[2022-10-28T18:44:23.581+0100][gc,heap     ] GC(1) Old regions: 1->8
[2022-10-28T18:44:23.581+0100][gc,heap     ] GC(1) Archive regions: 2->2
[2022-10-28T18:44:23.581+0100][gc,heap     ] GC(1) Humongous regions: 129->129
[2022-10-28T18:44:23.581+0100][gc,metaspace] GC(1) Metaspace: 21340K(21504K)->21340K(21504K) NonClass: 18757K(18816K)->18757K(18816K) Class: 2583K(2688K)->2583K(2688K)
[2022-10-28T18:44:23.581+0100][gc          ] GC(1) Pause Young (Concurrent Start) (Metadata GC Threshold) 149M->138M(1024M) 3,776ms
[2022-10-28T18:44:23.581+0100][gc,cpu      ] GC(1) User=0,03s Sys=0,00s Real=0,00s
[2022-10-28T18:44:23.581+0100][gc          ] GC(2) Concurrent Mark Cycle
[2022-10-28T18:44:23.582+0100][gc,marking  ] GC(2) Concurrent Clear Claimed Marks
[2022-10-28T18:44:23.582+0100][gc,marking  ] GC(2) Concurrent Clear Claimed Marks 0,014ms
[2022-10-28T18:44:23.582+0100][gc,marking  ] GC(2) Concurrent Scan Root Regions
[2022-10-28T18:44:23.583+0100][gc,marking  ] GC(2) Concurrent Scan Root Regions 1,358ms
[2022-10-28T18:44:23.583+0100][gc,marking  ] GC(2) Concurrent Mark
[2022-10-28T18:44:23.583+0100][gc,marking  ] GC(2) Concurrent Mark From Roots
[2022-10-28T18:44:23.583+0100][gc,task     ] GC(2) Using 3 workers of 3 for marking
[2022-10-28T18:44:23.584+0100][gc,marking  ] GC(2) Concurrent Mark From Roots 0,873ms
[2022-10-28T18:44:23.584+0100][gc,marking  ] GC(2) Concurrent Preclean
[2022-10-28T18:44:23.584+0100][gc,marking  ] GC(2) Concurrent Preclean 0,044ms
[2022-10-28T18:44:23.584+0100][gc,start    ] GC(2) Pause Remark
[2022-10-28T18:44:23.585+0100][gc          ] GC(2) Pause Remark 139M->139M(1024M) 0,920ms
[2022-10-28T18:44:23.585+0100][gc,cpu      ] GC(2) User=0,00s Sys=0,00s Real=0,00s
[2022-10-28T18:44:23.585+0100][gc,marking  ] GC(2) Concurrent Mark 2,014ms
[2022-10-28T18:44:23.585+0100][gc,marking  ] GC(2) Concurrent Rebuild Remembered Sets
[2022-10-28T18:44:23.586+0100][gc,marking  ] GC(2) Concurrent Rebuild Remembered Sets 1,002ms
[2022-10-28T18:44:23.586+0100][gc,start    ] GC(2) Pause Cleanup
[2022-10-28T18:44:23.586+0100][gc          ] GC(2) Pause Cleanup 139M->139M(1024M) 0,076ms
[2022-10-28T18:44:23.586+0100][gc,cpu      ] GC(2) User=0,00s Sys=0,00s Real=0,00s
[2022-10-28T18:44:23.586+0100][gc,marking  ] GC(2) Concurrent Cleanup for Next Mark
[2022-10-28T18:44:23.587+0100][gc,marking  ] GC(2) Concurrent Cleanup for Next Mark 1,307ms
[2022-10-28T18:44:23.587+0100][gc          ] GC(2) Concurrent Mark Cycle 6,006ms
[2022-10-28T18:44:23.972+0100][gc,start    ] GC(3) Pause Young (Normal) (G1 Evacuation Pause)
[2022-10-28T18:44:23.972+0100][gc,task     ] GC(3) Using 13 workers of 13 for evacuation
[2022-10-28T18:44:23.974+0100][gc,phases   ] GC(3)   Pre Evacuate Collection Set: 0,1ms
[2022-10-28T18:44:23.974+0100][gc,phases   ] GC(3)   Merge Heap Roots: 0,0ms
[2022-10-28T18:44:23.974+0100][gc,phases   ] GC(3)   Evacuate Collection Set: 1,4ms
[2022-10-28T18:44:23.974+0100][gc,phases   ] GC(3)   Post Evacuate Collection Set: 0,2ms
[2022-10-28T18:44:23.974+0100][gc,phases   ] GC(3)   Other: 0,1ms
[2022-10-28T18:44:23.974+0100][gc,heap     ] GC(3) Eden regions: 49->0(45)
[2022-10-28T18:44:23.974+0100][gc,heap     ] GC(3) Survivor regions: 2->6(7)
[2022-10-28T18:44:23.974+0100][gc,heap     ] GC(3) Old regions: 8->8
[2022-10-28T18:44:23.974+0100][gc,heap     ] GC(3) Archive regions: 2->2
[2022-10-28T18:44:23.974+0100][gc,heap     ] GC(3) Humongous regions: 129->129
[2022-10-28T18:44:23.974+0100][gc,metaspace] GC(3) Metaspace: 33059K(33280K)->33059K(33280K) NonClass: 29365K(29504K)->29365K(29504K) Class: 3694K(3776K)->3694K(3776K)
[2022-10-28T18:44:23.974+0100][gc          ] GC(3) Pause Young (Normal) (G1 Evacuation Pause) 187M->142M(1024M) 1,858ms
[2022-10-28T18:44:23.974+0100][gc,cpu      ] GC(3) User=0,02s Sys=0,00s Real=0,00s
[2022-10-28T18:51:48.969+0100][gc,start    ] GC(4) Pause Young (Concurrent Start) (Metadata GC Threshold)
[2022-10-28T18:51:48.969+0100][gc,task     ] GC(4) Using 13 workers of 13 for evacuation
[2022-10-28T18:51:48.972+0100][gc,phases   ] GC(4)   Pre Evacuate Collection Set: 0,2ms
[2022-10-28T18:51:48.972+0100][gc,phases   ] GC(4)   Merge Heap Roots: 0,0ms
[2022-10-28T18:51:48.972+0100][gc,phases   ] GC(4)   Evacuate Collection Set: 2,2ms
[2022-10-28T18:51:48.972+0100][gc,phases   ] GC(4)   Post Evacuate Collection Set: 0,3ms
[2022-10-28T18:51:48.972+0100][gc,phases   ] GC(4)   Other: 0,2ms
[2022-10-28T18:51:48.972+0100][gc,heap     ] GC(4) Eden regions: 15->0(50)
[2022-10-28T18:51:48.972+0100][gc,heap     ] GC(4) Survivor regions: 6->1(7)
[2022-10-28T18:51:48.972+0100][gc,heap     ] GC(4) Old regions: 8->13
[2022-10-28T18:51:48.973+0100][gc,heap     ] GC(4) Archive regions: 2->2
[2022-10-28T18:51:48.973+0100][gc,heap     ] GC(4) Humongous regions: 129->129
[2022-10-28T18:51:48.973+0100][gc,metaspace] GC(4) Metaspace: 35626K(35968K)->35626K(35968K) NonClass: 31593K(31744K)->31593K(31744K) Class: 4032K(4224K)->4032K(4224K)
[2022-10-28T18:51:48.973+0100][gc          ] GC(4) Pause Young (Concurrent Start) (Metadata GC Threshold) 156M->143M(1024M) 3,111ms
[2022-10-28T18:51:48.973+0100][gc,cpu      ] GC(4) User=0,03s Sys=0,00s Real=0,00s
[2022-10-28T18:51:48.974+0100][gc          ] GC(5) Concurrent Mark Cycle
[2022-10-28T18:51:48.974+0100][gc,marking  ] GC(5) Concurrent Clear Claimed Marks
[2022-10-28T18:51:48.974+0100][gc,marking  ] GC(5) Concurrent Clear Claimed Marks 0,034ms
[2022-10-28T18:51:48.974+0100][gc,marking  ] GC(5) Concurrent Scan Root Regions
[2022-10-28T18:51:48.976+0100][gc,marking  ] GC(5) Concurrent Scan Root Regions 2,289ms
[2022-10-28T18:51:48.976+0100][gc,marking  ] GC(5) Concurrent Mark
[2022-10-28T18:51:48.976+0100][gc,marking  ] GC(5) Concurrent Mark From Roots
[2022-10-28T18:51:48.976+0100][gc,task     ] GC(5) Using 3 workers of 3 for marking
[2022-10-28T18:51:48.982+0100][gc,marking  ] GC(5) Concurrent Mark From Roots 6,348ms
[2022-10-28T18:51:48.982+0100][gc,marking  ] GC(5) Concurrent Preclean
[2022-10-28T18:51:48.983+0100][gc,marking  ] GC(5) Concurrent Preclean 0,199ms
[2022-10-28T18:51:48.983+0100][gc,start    ] GC(5) Pause Remark
[2022-10-28T18:51:48.984+0100][gc          ] GC(5) Pause Remark 145M->145M(1024M) 1,003ms
[2022-10-28T18:51:48.984+0100][gc,cpu      ] GC(5) User=0,01s Sys=0,00s Real=0,00s
[2022-10-28T18:51:48.984+0100][gc,marking  ] GC(5) Concurrent Mark 7,765ms
[2022-10-28T18:51:48.984+0100][gc,marking  ] GC(5) Concurrent Rebuild Remembered Sets
[2022-10-28T18:51:48.987+0100][gc,marking  ] GC(5) Concurrent Rebuild Remembered Sets 2,779ms
[2022-10-28T18:51:48.987+0100][gc,start    ] GC(5) Pause Cleanup
[2022-10-28T18:51:48.989+0100][gc          ] GC(5) Pause Cleanup 146M->146M(1024M) 1,616ms
[2022-10-28T18:51:48.989+0100][gc,cpu      ] GC(5) User=0,01s Sys=0,00s Real=0,01s
[2022-10-28T18:51:48.990+0100][gc,marking  ] GC(5) Concurrent Cleanup for Next Mark
[2022-10-28T18:51:48.993+0100][gc,marking  ] GC(5) Concurrent Cleanup for Next Mark 3,031ms
[2022-10-28T18:51:48.993+0100][gc          ] GC(5) Concurrent Mark Cycle 19,047ms
[2022-10-28T18:55:32.330+0100][gc,start    ] GC(6) Pause Young (Concurrent Start) (G1 Evacuation Pause)
[2022-10-28T18:55:32.330+0100][gc,task     ] GC(6) Using 13 workers of 13 for evacuation
[2022-10-28T18:55:32.333+0100][gc,phases   ] GC(6)   Pre Evacuate Collection Set: 0,2ms
[2022-10-28T18:55:32.333+0100][gc,phases   ] GC(6)   Merge Heap Roots: 0,1ms
[2022-10-28T18:55:32.333+0100][gc,phases   ] GC(6)   Evacuate Collection Set: 2,0ms
[2022-10-28T18:55:32.333+0100][gc,phases   ] GC(6)   Post Evacuate Collection Set: 0,3ms
[2022-10-28T18:55:32.333+0100][gc,phases   ] GC(6)   Other: 0,1ms
[2022-10-28T18:55:32.333+0100][gc,heap     ] GC(6) Eden regions: 50->0(47)
[2022-10-28T18:55:32.333+0100][gc,heap     ] GC(6) Survivor regions: 1->4(7)
[2022-10-28T18:55:32.333+0100][gc,heap     ] GC(6) Old regions: 13->13
[2022-10-28T18:55:32.333+0100][gc,heap     ] GC(6) Archive regions: 2->2
[2022-10-28T18:55:32.333+0100][gc,heap     ] GC(6) Humongous regions: 129->129
[2022-10-28T18:55:32.333+0100][gc,metaspace] GC(6) Metaspace: 40562K(41152K)->40562K(41152K) NonClass: 35838K(36160K)->35838K(36160K) Class: 4723K(4992K)->4723K(4992K)
[2022-10-28T18:55:32.333+0100][gc          ] GC(6) Pause Young (Concurrent Start) (G1 Evacuation Pause) 193M->145M(1024M) 2,700ms
[2022-10-28T18:55:32.333+0100][gc,cpu      ] GC(6) User=0,02s Sys=0,00s Real=0,00s
[2022-10-28T18:55:32.333+0100][gc          ] GC(7) Concurrent Mark Cycle
[2022-10-28T18:55:32.333+0100][gc,marking  ] GC(7) Concurrent Clear Claimed Marks
[2022-10-28T18:55:32.333+0100][gc,marking  ] GC(7) Concurrent Clear Claimed Marks 0,044ms
[2022-10-28T18:55:32.333+0100][gc,marking  ] GC(7) Concurrent Scan Root Regions
[2022-10-28T18:55:32.335+0100][gc,marking  ] GC(7) Concurrent Scan Root Regions 1,644ms
[2022-10-28T18:55:32.335+0100][gc,marking  ] GC(7) Concurrent Mark
[2022-10-28T18:55:32.335+0100][gc,marking  ] GC(7) Concurrent Mark From Roots
[2022-10-28T18:55:32.335+0100][gc,task     ] GC(7) Using 3 workers of 3 for marking
[2022-10-28T18:55:32.341+0100][gc,marking  ] GC(7) Concurrent Mark From Roots 6,229ms
[2022-10-28T18:55:32.341+0100][gc,marking  ] GC(7) Concurrent Preclean
[2022-10-28T18:55:32.341+0100][gc,marking  ] GC(7) Concurrent Preclean 0,122ms
[2022-10-28T18:55:32.341+0100][gc,start    ] GC(7) Pause Remark
[2022-10-28T18:55:32.342+0100][gc          ] GC(7) Pause Remark 146M->146M(1024M) 1,269ms
[2022-10-28T18:55:32.342+0100][gc,cpu      ] GC(7) User=0,01s Sys=0,00s Real=0,00s
[2022-10-28T18:55:32.342+0100][gc,marking  ] GC(7) Concurrent Mark 7,754ms
[2022-10-28T18:55:32.342+0100][gc,marking  ] GC(7) Concurrent Rebuild Remembered Sets
[2022-10-28T18:55:32.345+0100][gc,marking  ] GC(7) Concurrent Rebuild Remembered Sets 2,834ms
[2022-10-28T18:55:32.345+0100][gc,start    ] GC(7) Pause Cleanup
[2022-10-28T18:55:32.345+0100][gc          ] GC(7) Pause Cleanup 146M->146M(1024M) 0,081ms
[2022-10-28T18:55:32.345+0100][gc,cpu      ] GC(7) User=0,00s Sys=0,00s Real=0,00s
[2022-10-28T18:55:32.345+0100][gc,marking  ] GC(7) Concurrent Cleanup for Next Mark
[2022-10-28T18:55:32.346+0100][gc,marking  ] GC(7) Concurrent Cleanup for Next Mark 0,577ms
[2022-10-28T18:55:32.346+0100][gc          ] GC(7) Concurrent Mark Cycle 13,116ms
[2022-10-28T18:58:15.251+0100][gc,heap,exit] Heap
[2022-10-28T18:58:15.251+0100][gc,heap,exit]  garbage-first heap   total 1048576K, used 186111K [0x00000000c0000000, 0x0000000100000000)
[2022-10-28T18:58:15.251+0100][gc,heap,exit]   region size 1024K, 40 young (40960K), 4 survivors (4096K)
[2022-10-28T18:58:15.251+0100][gc,heap,exit]  Metaspace       used 41561K, committed 42112K, reserved 1089536K
[2022-10-28T18:58:15.251+0100][gc,heap,exit]   class space    used 4933K, committed 5184K, reserved 1048576K
