[2022-10-26T19:16:16.843+0100][gc] Using G1
[2022-10-26T19:16:16.847+0100][gc,init] Version: 17.0.4+8-Ubuntu-122.04 (release)
[2022-10-26T19:16:16.847+0100][gc,init] CPUs: 16 total, 16 available
[2022-10-26T19:16:16.847+0100][gc,init] Memory: 31939M
[2022-10-26T19:16:16.847+0100][gc,init] Large Page Support: Disabled
[2022-10-26T19:16:16.847+0100][gc,init] NUMA Support: Disabled
[2022-10-26T19:16:16.847+0100][gc,init] Compressed Oops: Enabled (32-bit)
[2022-10-26T19:16:16.847+0100][gc,init] Heap Region Size: 1M
[2022-10-26T19:16:16.847+0100][gc,init] Heap Min Capacity: 1G
[2022-10-26T19:16:16.847+0100][gc,init] Heap Initial Capacity: 1G
[2022-10-26T19:16:16.847+0100][gc,init] Heap Max Capacity: 1G
[2022-10-26T19:16:16.847+0100][gc,init] Pre-touch: Disabled
[2022-10-26T19:16:16.847+0100][gc,init] Parallel Workers: 13
[2022-10-26T19:16:16.847+0100][gc,init] Concurrent Workers: 3
[2022-10-26T19:16:16.847+0100][gc,init] Concurrent Refinement Workers: 13
[2022-10-26T19:16:16.847+0100][gc,init] Periodic GC: Disabled
[2022-10-26T19:16:16.847+0100][gc,metaspace] CDS archive(s) mapped at: [0x0000000800000000-0x0000000800be3000-0x0000000800be3000), size 12464128, SharedBaseAddress: 0x0000000800000000, ArchiveRelocationMode: 0.
[2022-10-26T19:16:16.847+0100][gc,metaspace] Compressed class space mapped at: 0x0000000800c00000-0x0000000840c00000, reserved size: 1073741824
[2022-10-26T19:16:16.847+0100][gc,metaspace] Narrow klass base: 0x0000000800000000, Narrow klass shift: 0, Narrow klass range: 0x100000000
[2022-10-26T19:16:17.421+0100][gc,start    ] GC(0) Pause Young (Normal) (G1 Evacuation Pause)
[2022-10-26T19:16:17.421+0100][gc,task     ] GC(0) Using 13 workers of 13 for evacuation
[2022-10-26T19:16:17.424+0100][gc,phases   ] GC(0)   Pre Evacuate Collection Set: 0,1ms
[2022-10-26T19:16:17.424+0100][gc,phases   ] GC(0)   Merge Heap Roots: 0,0ms
[2022-10-26T19:16:17.424+0100][gc,phases   ] GC(0)   Evacuate Collection Set: 2,1ms
[2022-10-26T19:16:17.424+0100][gc,phases   ] GC(0)   Post Evacuate Collection Set: 0,3ms
[2022-10-26T19:16:17.424+0100][gc,phases   ] GC(0)   Other: 0,6ms
[2022-10-26T19:16:17.424+0100][gc,heap     ] GC(0) Eden regions: 51->0(44)
[2022-10-26T19:16:17.424+0100][gc,heap     ] GC(0) Survivor regions: 0->7(7)
[2022-10-26T19:16:17.424+0100][gc,heap     ] GC(0) Old regions: 0->1
[2022-10-26T19:16:17.424+0100][gc,heap     ] GC(0) Archive regions: 2->2
[2022-10-26T19:16:17.424+0100][gc,heap     ] GC(0) Humongous regions: 0->0
[2022-10-26T19:16:17.424+0100][gc,metaspace] GC(0) Metaspace: 18653K(18816K)->18653K(18816K) NonClass: 16420K(16512K)->16420K(16512K) Class: 2232K(2304K)->2232K(2304K)
[2022-10-26T19:16:17.424+0100][gc          ] GC(0) Pause Young (Normal) (G1 Evacuation Pause) 51M->8M(1024M) 3,176ms
[2022-10-26T19:16:17.424+0100][gc,cpu      ] GC(0) User=0,03s Sys=0,00s Real=0,00s
[2022-10-26T19:16:17.551+0100][gc,start    ] GC(1) Pause Young (Concurrent Start) (Metadata GC Threshold)
[2022-10-26T19:16:17.551+0100][gc,task     ] GC(1) Using 13 workers of 13 for evacuation
[2022-10-26T19:16:17.553+0100][gc,phases   ] GC(1)   Pre Evacuate Collection Set: 0,1ms
[2022-10-26T19:16:17.553+0100][gc,phases   ] GC(1)   Merge Heap Roots: 0,0ms
[2022-10-26T19:16:17.553+0100][gc,phases   ] GC(1)   Evacuate Collection Set: 1,7ms
[2022-10-26T19:16:17.553+0100][gc,phases   ] GC(1)   Post Evacuate Collection Set: 0,2ms
[2022-10-26T19:16:17.553+0100][gc,phases   ] GC(1)   Other: 0,2ms
[2022-10-26T19:16:17.553+0100][gc,heap     ] GC(1) Eden regions: 12->0(49)
[2022-10-26T19:16:17.553+0100][gc,heap     ] GC(1) Survivor regions: 7->2(7)
[2022-10-26T19:16:17.553+0100][gc,heap     ] GC(1) Old regions: 1->8
[2022-10-26T19:16:17.553+0100][gc,heap     ] GC(1) Archive regions: 2->2
[2022-10-26T19:16:17.553+0100][gc,heap     ] GC(1) Humongous regions: 129->129
[2022-10-26T19:16:17.553+0100][gc,metaspace] GC(1) Metaspace: 21260K(21504K)->21260K(21504K) NonClass: 18686K(18816K)->18686K(18816K) Class: 2573K(2688K)->2573K(2688K)
[2022-10-26T19:16:17.553+0100][gc          ] GC(1) Pause Young (Concurrent Start) (Metadata GC Threshold) 148M->138M(1024M) 2,288ms
[2022-10-26T19:16:17.553+0100][gc,cpu      ] GC(1) User=0,02s Sys=0,00s Real=0,00s
[2022-10-26T19:16:17.553+0100][gc          ] GC(2) Concurrent Mark Cycle
[2022-10-26T19:16:17.553+0100][gc,marking  ] GC(2) Concurrent Clear Claimed Marks
[2022-10-26T19:16:17.553+0100][gc,marking  ] GC(2) Concurrent Clear Claimed Marks 0,014ms
[2022-10-26T19:16:17.553+0100][gc,marking  ] GC(2) Concurrent Scan Root Regions
[2022-10-26T19:16:17.554+0100][gc,marking  ] GC(2) Concurrent Scan Root Regions 0,979ms
[2022-10-26T19:16:17.554+0100][gc,marking  ] GC(2) Concurrent Mark
[2022-10-26T19:16:17.554+0100][gc,marking  ] GC(2) Concurrent Mark From Roots
[2022-10-26T19:16:17.554+0100][gc,task     ] GC(2) Using 3 workers of 3 for marking
[2022-10-26T19:16:17.555+0100][gc,marking  ] GC(2) Concurrent Mark From Roots 1,130ms
[2022-10-26T19:16:17.556+0100][gc,marking  ] GC(2) Concurrent Preclean
[2022-10-26T19:16:17.556+0100][gc,marking  ] GC(2) Concurrent Preclean 0,042ms
[2022-10-26T19:16:17.556+0100][gc,start    ] GC(2) Pause Remark
[2022-10-26T19:16:17.556+0100][gc          ] GC(2) Pause Remark 139M->139M(1024M) 0,682ms
[2022-10-26T19:16:17.556+0100][gc,cpu      ] GC(2) User=0,00s Sys=0,00s Real=0,00s
[2022-10-26T19:16:17.556+0100][gc,marking  ] GC(2) Concurrent Mark 1,990ms
[2022-10-26T19:16:17.556+0100][gc,marking  ] GC(2) Concurrent Rebuild Remembered Sets
[2022-10-26T19:16:17.557+0100][gc,marking  ] GC(2) Concurrent Rebuild Remembered Sets 0,889ms
[2022-10-26T19:16:17.557+0100][gc,start    ] GC(2) Pause Cleanup
[2022-10-26T19:16:17.557+0100][gc          ] GC(2) Pause Cleanup 139M->139M(1024M) 0,059ms
[2022-10-26T19:16:17.557+0100][gc,cpu      ] GC(2) User=0,00s Sys=0,00s Real=0,00s
[2022-10-26T19:16:17.557+0100][gc,marking  ] GC(2) Concurrent Cleanup for Next Mark
[2022-10-26T19:16:17.559+0100][gc,marking  ] GC(2) Concurrent Cleanup for Next Mark 1,480ms
[2022-10-26T19:16:17.559+0100][gc          ] GC(2) Concurrent Mark Cycle 5,613ms
[2022-10-26T19:16:17.889+0100][gc,start    ] GC(3) Pause Young (Normal) (G1 Evacuation Pause)
[2022-10-26T19:16:17.889+0100][gc,task     ] GC(3) Using 13 workers of 13 for evacuation
[2022-10-26T19:16:17.891+0100][gc,phases   ] GC(3)   Pre Evacuate Collection Set: 0,1ms
[2022-10-26T19:16:17.891+0100][gc,phases   ] GC(3)   Merge Heap Roots: 0,0ms
[2022-10-26T19:16:17.891+0100][gc,phases   ] GC(3)   Evacuate Collection Set: 1,5ms
[2022-10-26T19:16:17.891+0100][gc,phases   ] GC(3)   Post Evacuate Collection Set: 0,2ms
[2022-10-26T19:16:17.891+0100][gc,phases   ] GC(3)   Other: 0,1ms
[2022-10-26T19:16:17.891+0100][gc,heap     ] GC(3) Eden regions: 49->0(45)
[2022-10-26T19:16:17.891+0100][gc,heap     ] GC(3) Survivor regions: 2->6(7)
[2022-10-26T19:16:17.891+0100][gc,heap     ] GC(3) Old regions: 8->8
[2022-10-26T19:16:17.891+0100][gc,heap     ] GC(3) Archive regions: 2->2
[2022-10-26T19:16:17.891+0100][gc,heap     ] GC(3) Humongous regions: 129->129
[2022-10-26T19:16:17.891+0100][gc,metaspace] GC(3) Metaspace: 32860K(33152K)->32860K(33152K) NonClass: 29149K(29312K)->29149K(29312K) Class: 3711K(3840K)->3711K(3840K)
[2022-10-26T19:16:17.891+0100][gc          ] GC(3) Pause Young (Normal) (G1 Evacuation Pause) 187M->142M(1024M) 1,929ms
[2022-10-26T19:16:17.891+0100][gc,cpu      ] GC(3) User=0,02s Sys=0,00s Real=0,00s
[2022-10-26T19:32:31.353+0100][gc,start    ] GC(4) Pause Young (Concurrent Start) (Metadata GC Threshold)
[2022-10-26T19:32:31.353+0100][gc,task     ] GC(4) Using 13 workers of 13 for evacuation
[2022-10-26T19:32:31.357+0100][gc,phases   ] GC(4)   Pre Evacuate Collection Set: 0,1ms
[2022-10-26T19:32:31.357+0100][gc,phases   ] GC(4)   Merge Heap Roots: 0,1ms
[2022-10-26T19:32:31.357+0100][gc,phases   ] GC(4)   Evacuate Collection Set: 3,4ms
[2022-10-26T19:32:31.357+0100][gc,phases   ] GC(4)   Post Evacuate Collection Set: 0,3ms
[2022-10-26T19:32:31.357+0100][gc,phases   ] GC(4)   Other: 0,1ms
[2022-10-26T19:32:31.357+0100][gc,heap     ] GC(4) Eden regions: 21->0(49)
[2022-10-26T19:32:31.357+0100][gc,heap     ] GC(4) Survivor regions: 6->2(7)
[2022-10-26T19:32:31.357+0100][gc,heap     ] GC(4) Old regions: 8->13
[2022-10-26T19:32:31.357+0100][gc,heap     ] GC(4) Archive regions: 2->2
[2022-10-26T19:32:31.357+0100][gc,heap     ] GC(4) Humongous regions: 129->129
[2022-10-26T19:32:31.357+0100][gc,metaspace] GC(4) Metaspace: 35760K(36096K)->35760K(36096K) NonClass: 31556K(31744K)->31556K(31744K) Class: 4204K(4352K)->4204K(4352K)
[2022-10-26T19:32:31.357+0100][gc          ] GC(4) Pause Young (Concurrent Start) (Metadata GC Threshold) 163M->143M(1024M) 4,048ms
[2022-10-26T19:32:31.357+0100][gc,cpu      ] GC(4) User=0,04s Sys=0,00s Real=0,00s
[2022-10-26T19:32:31.357+0100][gc          ] GC(5) Concurrent Mark Cycle
[2022-10-26T19:32:31.357+0100][gc,marking  ] GC(5) Concurrent Clear Claimed Marks
[2022-10-26T19:32:31.357+0100][gc,marking  ] GC(5) Concurrent Clear Claimed Marks 0,030ms
[2022-10-26T19:32:31.357+0100][gc,marking  ] GC(5) Concurrent Scan Root Regions
[2022-10-26T19:32:31.359+0100][gc,marking  ] GC(5) Concurrent Scan Root Regions 2,020ms
[2022-10-26T19:32:31.359+0100][gc,marking  ] GC(5) Concurrent Mark
[2022-10-26T19:32:31.359+0100][gc,marking  ] GC(5) Concurrent Mark From Roots
[2022-10-26T19:32:31.359+0100][gc,task     ] GC(5) Using 3 workers of 3 for marking
[2022-10-26T19:32:31.363+0100][gc,marking  ] GC(5) Concurrent Mark From Roots 3,534ms
[2022-10-26T19:32:31.363+0100][gc,marking  ] GC(5) Concurrent Preclean
[2022-10-26T19:32:31.363+0100][gc,marking  ] GC(5) Concurrent Preclean 0,210ms
[2022-10-26T19:32:31.364+0100][gc,start    ] GC(5) Pause Remark
[2022-10-26T19:32:31.367+0100][gc          ] GC(5) Pause Remark 144M->144M(1024M) 3,269ms
[2022-10-26T19:32:31.367+0100][gc,cpu      ] GC(5) User=0,02s Sys=0,01s Real=0,01s
[2022-10-26T19:32:31.367+0100][gc,marking  ] GC(5) Concurrent Mark 7,756ms
[2022-10-26T19:32:31.367+0100][gc,marking  ] GC(5) Concurrent Rebuild Remembered Sets
[2022-10-26T19:32:31.370+0100][gc,marking  ] GC(5) Concurrent Rebuild Remembered Sets 3,019ms
[2022-10-26T19:32:31.370+0100][gc,start    ] GC(5) Pause Cleanup
[2022-10-26T19:32:31.370+0100][gc          ] GC(5) Pause Cleanup 144M->144M(1024M) 0,124ms
[2022-10-26T19:32:31.370+0100][gc,cpu      ] GC(5) User=0,00s Sys=0,00s Real=0,00s
[2022-10-26T19:32:31.370+0100][gc,marking  ] GC(5) Concurrent Cleanup for Next Mark
[2022-10-26T19:32:31.373+0100][gc,marking  ] GC(5) Concurrent Cleanup for Next Mark 2,394ms
[2022-10-26T19:32:31.373+0100][gc          ] GC(5) Concurrent Mark Cycle 15,590ms
[2022-10-26T19:38:38.866+0100][gc,start    ] GC(6) Pause Young (Normal) (G1 Evacuation Pause)
[2022-10-26T19:38:38.866+0100][gc,task     ] GC(6) Using 13 workers of 13 for evacuation
[2022-10-26T19:38:38.869+0100][gc,phases   ] GC(6)   Pre Evacuate Collection Set: 0,1ms
[2022-10-26T19:38:38.869+0100][gc,phases   ] GC(6)   Merge Heap Roots: 0,1ms
[2022-10-26T19:38:38.869+0100][gc,phases   ] GC(6)   Evacuate Collection Set: 2,1ms
[2022-10-26T19:38:38.869+0100][gc,phases   ] GC(6)   Post Evacuate Collection Set: 0,5ms
[2022-10-26T19:38:38.869+0100][gc,phases   ] GC(6)   Other: 0,1ms
[2022-10-26T19:38:38.869+0100][gc,heap     ] GC(6) Eden regions: 49->0(46)
[2022-10-26T19:38:38.869+0100][gc,heap     ] GC(6) Survivor regions: 2->5(7)
[2022-10-26T19:38:38.869+0100][gc,heap     ] GC(6) Old regions: 13->13
[2022-10-26T19:38:38.869+0100][gc,heap     ] GC(6) Archive regions: 2->2
[2022-10-26T19:38:38.869+0100][gc,heap     ] GC(6) Humongous regions: 129->129
[2022-10-26T19:38:38.869+0100][gc,metaspace] GC(6) Metaspace: 41126K(41728K)->41126K(41728K) NonClass: 36192K(36544K)->36192K(36544K) Class: 4933K(5184K)->4933K(5184K)
[2022-10-26T19:38:38.869+0100][gc          ] GC(6) Pause Young (Normal) (G1 Evacuation Pause) 192M->147M(1024M) 2,954ms
[2022-10-26T19:38:38.869+0100][gc,cpu      ] GC(6) User=0,02s Sys=0,00s Real=0,01s
[2022-10-26T19:39:21.797+0100][gc,heap,exit] Heap
[2022-10-26T19:39:21.797+0100][gc,heap,exit]  garbage-first heap   total 1048576K, used 164858K [0x00000000c0000000, 0x0000000100000000)
[2022-10-26T19:39:21.797+0100][gc,heap,exit]   region size 1024K, 19 young (19456K), 5 survivors (5120K)
[2022-10-26T19:39:21.797+0100][gc,heap,exit]  Metaspace       used 42121K, committed 42688K, reserved 1089536K
[2022-10-26T19:39:21.797+0100][gc,heap,exit]   class space    used 5108K, committed 5376K, reserved 1048576K
