[2022-10-28T18:43:53.689+0100][gc] Using G1
[2022-10-28T18:43:53.692+0100][gc,init] Version: 17.0.4+8-Ubuntu-122.04 (release)
[2022-10-28T18:43:53.692+0100][gc,init] CPUs: 16 total, 16 available
[2022-10-28T18:43:53.692+0100][gc,init] Memory: 31939M
[2022-10-28T18:43:53.692+0100][gc,init] Large Page Support: Disabled
[2022-10-28T18:43:53.692+0100][gc,init] NUMA Support: Disabled
[2022-10-28T18:43:53.692+0100][gc,init] Compressed Oops: Enabled (32-bit)
[2022-10-28T18:43:53.692+0100][gc,init] Heap Region Size: 1M
[2022-10-28T18:43:53.692+0100][gc,init] Heap Min Capacity: 1G
[2022-10-28T18:43:53.692+0100][gc,init] Heap Initial Capacity: 1G
[2022-10-28T18:43:53.692+0100][gc,init] Heap Max Capacity: 1G
[2022-10-28T18:43:53.692+0100][gc,init] Pre-touch: Disabled
[2022-10-28T18:43:53.692+0100][gc,init] Parallel Workers: 13
[2022-10-28T18:43:53.692+0100][gc,init] Concurrent Workers: 3
[2022-10-28T18:43:53.692+0100][gc,init] Concurrent Refinement Workers: 13
[2022-10-28T18:43:53.692+0100][gc,init] Periodic GC: Disabled
[2022-10-28T18:43:53.692+0100][gc,metaspace] CDS archive(s) mapped at: [0x0000000800000000-0x0000000800be3000-0x0000000800be3000), size 12464128, SharedBaseAddress: 0x0000000800000000, ArchiveRelocationMode: 0.
[2022-10-28T18:43:53.692+0100][gc,metaspace] Compressed class space mapped at: 0x0000000800c00000-0x0000000840c00000, reserved size: 1073741824
[2022-10-28T18:43:53.692+0100][gc,metaspace] Narrow klass base: 0x0000000800000000, Narrow klass shift: 0, Narrow klass range: 0x100000000
[2022-10-28T18:43:54.281+0100][gc,start    ] GC(0) Pause Young (Normal) (G1 Evacuation Pause)
[2022-10-28T18:43:54.281+0100][gc,task     ] GC(0) Using 13 workers of 13 for evacuation
[2022-10-28T18:43:54.284+0100][gc,phases   ] GC(0)   Pre Evacuate Collection Set: 0,1ms
[2022-10-28T18:43:54.284+0100][gc,phases   ] GC(0)   Merge Heap Roots: 0,0ms
[2022-10-28T18:43:54.284+0100][gc,phases   ] GC(0)   Evacuate Collection Set: 2,4ms
[2022-10-28T18:43:54.284+0100][gc,phases   ] GC(0)   Post Evacuate Collection Set: 0,3ms
[2022-10-28T18:43:54.284+0100][gc,phases   ] GC(0)   Other: 0,7ms
[2022-10-28T18:43:54.284+0100][gc,heap     ] GC(0) Eden regions: 51->0(44)
[2022-10-28T18:43:54.284+0100][gc,heap     ] GC(0) Survivor regions: 0->7(7)
[2022-10-28T18:43:54.284+0100][gc,heap     ] GC(0) Old regions: 0->1
[2022-10-28T18:43:54.284+0100][gc,heap     ] GC(0) Archive regions: 2->2
[2022-10-28T18:43:54.284+0100][gc,heap     ] GC(0) Humongous regions: 0->0
[2022-10-28T18:43:54.284+0100][gc,metaspace] GC(0) Metaspace: 18378K(18560K)->18378K(18560K) NonClass: 16183K(16320K)->16183K(16320K) Class: 2194K(2240K)->2194K(2240K)
[2022-10-28T18:43:54.284+0100][gc          ] GC(0) Pause Young (Normal) (G1 Evacuation Pause) 51M->8M(1024M) 3,625ms
[2022-10-28T18:43:54.284+0100][gc,cpu      ] GC(0) User=0,02s Sys=0,00s Real=0,00s
[2022-10-28T18:43:54.434+0100][gc,start    ] GC(1) Pause Young (Concurrent Start) (Metadata GC Threshold)
[2022-10-28T18:43:54.434+0100][gc,task     ] GC(1) Using 13 workers of 13 for evacuation
[2022-10-28T18:43:54.437+0100][gc,phases   ] GC(1)   Pre Evacuate Collection Set: 0,1ms
[2022-10-28T18:43:54.437+0100][gc,phases   ] GC(1)   Merge Heap Roots: 0,0ms
[2022-10-28T18:43:54.437+0100][gc,phases   ] GC(1)   Evacuate Collection Set: 2,1ms
[2022-10-28T18:43:54.437+0100][gc,phases   ] GC(1)   Post Evacuate Collection Set: 0,2ms
[2022-10-28T18:43:54.437+0100][gc,phases   ] GC(1)   Other: 0,1ms
[2022-10-28T18:43:54.437+0100][gc,heap     ] GC(1) Eden regions: 13->0(49)
[2022-10-28T18:43:54.437+0100][gc,heap     ] GC(1) Survivor regions: 7->2(7)
[2022-10-28T18:43:54.437+0100][gc,heap     ] GC(1) Old regions: 1->7
[2022-10-28T18:43:54.437+0100][gc,heap     ] GC(1) Archive regions: 2->2
[2022-10-28T18:43:54.437+0100][gc,heap     ] GC(1) Humongous regions: 129->129
[2022-10-28T18:43:54.437+0100][gc,metaspace] GC(1) Metaspace: 21266K(21504K)->21266K(21504K) NonClass: 18691K(18816K)->18691K(18816K) Class: 2575K(2688K)->2575K(2688K)
[2022-10-28T18:43:54.437+0100][gc          ] GC(1) Pause Young (Concurrent Start) (Metadata GC Threshold) 149M->138M(1024M) 2,656ms
[2022-10-28T18:43:54.437+0100][gc,cpu      ] GC(1) User=0,02s Sys=0,00s Real=0,01s
[2022-10-28T18:43:54.437+0100][gc          ] GC(2) Concurrent Mark Cycle
[2022-10-28T18:43:54.437+0100][gc,marking  ] GC(2) Concurrent Clear Claimed Marks
[2022-10-28T18:43:54.437+0100][gc,marking  ] GC(2) Concurrent Clear Claimed Marks 0,009ms
[2022-10-28T18:43:54.437+0100][gc,marking  ] GC(2) Concurrent Scan Root Regions
[2022-10-28T18:43:54.438+0100][gc,marking  ] GC(2) Concurrent Scan Root Regions 1,118ms
[2022-10-28T18:43:54.438+0100][gc,marking  ] GC(2) Concurrent Mark
[2022-10-28T18:43:54.438+0100][gc,marking  ] GC(2) Concurrent Mark From Roots
[2022-10-28T18:43:54.438+0100][gc,task     ] GC(2) Using 3 workers of 3 for marking
[2022-10-28T18:43:54.439+0100][gc,marking  ] GC(2) Concurrent Mark From Roots 0,694ms
[2022-10-28T18:43:54.439+0100][gc,marking  ] GC(2) Concurrent Preclean
[2022-10-28T18:43:54.439+0100][gc,marking  ] GC(2) Concurrent Preclean 0,041ms
[2022-10-28T18:43:54.439+0100][gc,start    ] GC(2) Pause Remark
[2022-10-28T18:43:54.440+0100][gc          ] GC(2) Pause Remark 139M->139M(1024M) 0,718ms
[2022-10-28T18:43:54.440+0100][gc,cpu      ] GC(2) User=0,00s Sys=0,00s Real=0,00s
[2022-10-28T18:43:54.440+0100][gc,marking  ] GC(2) Concurrent Mark 1,515ms
[2022-10-28T18:43:54.440+0100][gc,marking  ] GC(2) Concurrent Rebuild Remembered Sets
[2022-10-28T18:43:54.440+0100][gc,marking  ] GC(2) Concurrent Rebuild Remembered Sets 0,003ms
[2022-10-28T18:43:54.440+0100][gc,start    ] GC(2) Pause Cleanup
[2022-10-28T18:43:54.440+0100][gc          ] GC(2) Pause Cleanup 139M->139M(1024M) 0,006ms
[2022-10-28T18:43:54.440+0100][gc,cpu      ] GC(2) User=0,00s Sys=0,00s Real=0,00s
[2022-10-28T18:43:54.440+0100][gc,marking  ] GC(2) Concurrent Cleanup for Next Mark
[2022-10-28T18:43:54.441+0100][gc,marking  ] GC(2) Concurrent Cleanup for Next Mark 1,342ms
[2022-10-28T18:43:54.441+0100][gc          ] GC(2) Concurrent Mark Cycle 4,086ms
[2022-10-28T18:43:54.771+0100][gc,start    ] GC(3) Pause Young (Normal) (G1 Evacuation Pause)
[2022-10-28T18:43:54.771+0100][gc,task     ] GC(3) Using 13 workers of 13 for evacuation
[2022-10-28T18:43:54.773+0100][gc,phases   ] GC(3)   Pre Evacuate Collection Set: 0,1ms
[2022-10-28T18:43:54.773+0100][gc,phases   ] GC(3)   Merge Heap Roots: 0,0ms
[2022-10-28T18:43:54.773+0100][gc,phases   ] GC(3)   Evacuate Collection Set: 1,4ms
[2022-10-28T18:43:54.773+0100][gc,phases   ] GC(3)   Post Evacuate Collection Set: 0,2ms
[2022-10-28T18:43:54.773+0100][gc,phases   ] GC(3)   Other: 0,1ms
[2022-10-28T18:43:54.773+0100][gc,heap     ] GC(3) Eden regions: 49->0(45)
[2022-10-28T18:43:54.773+0100][gc,heap     ] GC(3) Survivor regions: 2->6(7)
[2022-10-28T18:43:54.773+0100][gc,heap     ] GC(3) Old regions: 7->7
[2022-10-28T18:43:54.773+0100][gc,heap     ] GC(3) Archive regions: 2->2
[2022-10-28T18:43:54.773+0100][gc,heap     ] GC(3) Humongous regions: 129->129
[2022-10-28T18:43:54.773+0100][gc,metaspace] GC(3) Metaspace: 32770K(33024K)->32770K(33024K) NonClass: 29075K(29248K)->29075K(29248K) Class: 3695K(3776K)->3695K(3776K)
[2022-10-28T18:43:54.773+0100][gc          ] GC(3) Pause Young (Normal) (G1 Evacuation Pause) 187M->142M(1024M) 1,846ms
[2022-10-28T18:43:54.773+0100][gc,cpu      ] GC(3) User=0,02s Sys=0,00s Real=0,00s
[2022-10-28T18:51:48.882+0100][gc,start    ] GC(4) Pause Young (Concurrent Start) (Metadata GC Threshold)
[2022-10-28T18:51:48.882+0100][gc,task     ] GC(4) Using 13 workers of 13 for evacuation
[2022-10-28T18:51:48.885+0100][gc,phases   ] GC(4)   Pre Evacuate Collection Set: 0,1ms
[2022-10-28T18:51:48.885+0100][gc,phases   ] GC(4)   Merge Heap Roots: 0,0ms
[2022-10-28T18:51:48.885+0100][gc,phases   ] GC(4)   Evacuate Collection Set: 2,4ms
[2022-10-28T18:51:48.885+0100][gc,phases   ] GC(4)   Post Evacuate Collection Set: 0,2ms
[2022-10-28T18:51:48.885+0100][gc,phases   ] GC(4)   Other: 0,1ms
[2022-10-28T18:51:48.885+0100][gc,heap     ] GC(4) Eden regions: 19->0(49)
[2022-10-28T18:51:48.885+0100][gc,heap     ] GC(4) Survivor regions: 6->2(7)
[2022-10-28T18:51:48.885+0100][gc,heap     ] GC(4) Old regions: 7->13
[2022-10-28T18:51:48.885+0100][gc,heap     ] GC(4) Archive regions: 2->2
[2022-10-28T18:51:48.885+0100][gc,heap     ] GC(4) Humongous regions: 129->129
[2022-10-28T18:51:48.885+0100][gc,metaspace] GC(4) Metaspace: 35654K(35968K)->35654K(35968K) NonClass: 31453K(31616K)->31453K(31616K) Class: 4200K(4352K)->4200K(4352K)
[2022-10-28T18:51:48.885+0100][gc          ] GC(4) Pause Young (Concurrent Start) (Metadata GC Threshold) 160M->143M(1024M) 2,964ms
[2022-10-28T18:51:48.885+0100][gc,cpu      ] GC(4) User=0,02s Sys=0,01s Real=0,00s
[2022-10-28T18:51:48.885+0100][gc          ] GC(5) Concurrent Mark Cycle
[2022-10-28T18:51:48.885+0100][gc,marking  ] GC(5) Concurrent Clear Claimed Marks
[2022-10-28T18:51:48.885+0100][gc,marking  ] GC(5) Concurrent Clear Claimed Marks 0,028ms
[2022-10-28T18:51:48.885+0100][gc,marking  ] GC(5) Concurrent Scan Root Regions
[2022-10-28T18:51:48.886+0100][gc,marking  ] GC(5) Concurrent Scan Root Regions 1,299ms
[2022-10-28T18:51:48.886+0100][gc,marking  ] GC(5) Concurrent Mark
[2022-10-28T18:51:48.886+0100][gc,marking  ] GC(5) Concurrent Mark From Roots
[2022-10-28T18:51:48.886+0100][gc,task     ] GC(5) Using 3 workers of 3 for marking
[2022-10-28T18:51:48.889+0100][gc,marking  ] GC(5) Concurrent Mark From Roots 2,696ms
[2022-10-28T18:51:48.889+0100][gc,marking  ] GC(5) Concurrent Preclean
[2022-10-28T18:51:48.889+0100][gc,marking  ] GC(5) Concurrent Preclean 0,107ms
[2022-10-28T18:51:48.890+0100][gc,start    ] GC(5) Pause Remark
[2022-10-28T18:51:48.891+0100][gc          ] GC(5) Pause Remark 144M->144M(1024M) 0,918ms
[2022-10-28T18:51:48.891+0100][gc,cpu      ] GC(5) User=0,00s Sys=0,00s Real=0,00s
[2022-10-28T18:51:48.891+0100][gc,marking  ] GC(5) Concurrent Mark 4,803ms
[2022-10-28T18:51:48.891+0100][gc,marking  ] GC(5) Concurrent Rebuild Remembered Sets
[2022-10-28T18:51:48.894+0100][gc,marking  ] GC(5) Concurrent Rebuild Remembered Sets 2,210ms
[2022-10-28T18:51:48.894+0100][gc,start    ] GC(5) Pause Cleanup
[2022-10-28T18:51:48.894+0100][gc          ] GC(5) Pause Cleanup 144M->144M(1024M) 0,102ms
[2022-10-28T18:51:48.894+0100][gc,cpu      ] GC(5) User=0,00s Sys=0,00s Real=0,00s
[2022-10-28T18:51:48.894+0100][gc,marking  ] GC(5) Concurrent Cleanup for Next Mark
[2022-10-28T18:51:48.896+0100][gc,marking  ] GC(5) Concurrent Cleanup for Next Mark 2,012ms
[2022-10-28T18:51:48.896+0100][gc          ] GC(5) Concurrent Mark Cycle 10,723ms
[2022-10-28T18:55:18.019+0100][gc,start    ] GC(6) Pause Young (Normal) (G1 Evacuation Pause)
[2022-10-28T18:55:18.019+0100][gc,task     ] GC(6) Using 13 workers of 13 for evacuation
[2022-10-28T18:55:18.022+0100][gc,phases   ] GC(6)   Pre Evacuate Collection Set: 0,1ms
[2022-10-28T18:55:18.022+0100][gc,phases   ] GC(6)   Merge Heap Roots: 0,0ms
[2022-10-28T18:55:18.022+0100][gc,phases   ] GC(6)   Evacuate Collection Set: 2,8ms
[2022-10-28T18:55:18.022+0100][gc,phases   ] GC(6)   Post Evacuate Collection Set: 0,3ms
[2022-10-28T18:55:18.022+0100][gc,phases   ] GC(6)   Other: 0,1ms
[2022-10-28T18:55:18.022+0100][gc,heap     ] GC(6) Eden regions: 49->0(46)
[2022-10-28T18:55:18.022+0100][gc,heap     ] GC(6) Survivor regions: 2->5(7)
[2022-10-28T18:55:18.022+0100][gc,heap     ] GC(6) Old regions: 13->13
[2022-10-28T18:55:18.022+0100][gc,heap     ] GC(6) Archive regions: 2->2
[2022-10-28T18:55:18.022+0100][gc,heap     ] GC(6) Humongous regions: 129->129
[2022-10-28T18:55:18.022+0100][gc,metaspace] GC(6) Metaspace: 40664K(41216K)->40664K(41216K) NonClass: 35843K(36160K)->35843K(36160K) Class: 4821K(5056K)->4821K(5056K)
[2022-10-28T18:55:18.022+0100][gc          ] GC(6) Pause Young (Normal) (G1 Evacuation Pause) 192M->147M(1024M) 3,465ms
[2022-10-28T18:55:18.022+0100][gc,cpu      ] GC(6) User=0,03s Sys=0,00s Real=0,00s
[2022-10-28T18:58:18.148+0100][gc,heap,exit] Heap
[2022-10-28T18:58:18.148+0100][gc,heap,exit]  garbage-first heap   total 1048576K, used 194790K [0x00000000c0000000, 0x0000000100000000)
[2022-10-28T18:58:18.148+0100][gc,heap,exit]   region size 1024K, 48 young (49152K), 5 survivors (5120K)
[2022-10-28T18:58:18.148+0100][gc,heap,exit]  Metaspace       used 42375K, committed 43008K, reserved 1089536K
[2022-10-28T18:58:18.148+0100][gc,heap,exit]   class space    used 5169K, committed 5440K, reserved 1048576K
