[2022-10-27T17:56:42.051+0100][gc] Using G1
[2022-10-27T17:56:42.055+0100][gc,init] Version: 17.0.4+8-Ubuntu-122.04 (release)
[2022-10-27T17:56:42.055+0100][gc,init] CPUs: 16 total, 16 available
[2022-10-27T17:56:42.055+0100][gc,init] Memory: 31939M
[2022-10-27T17:56:42.055+0100][gc,init] Large Page Support: Disabled
[2022-10-27T17:56:42.055+0100][gc,init] NUMA Support: Disabled
[2022-10-27T17:56:42.055+0100][gc,init] Compressed Oops: Enabled (32-bit)
[2022-10-27T17:56:42.055+0100][gc,init] Heap Region Size: 1M
[2022-10-27T17:56:42.055+0100][gc,init] Heap Min Capacity: 1G
[2022-10-27T17:56:42.055+0100][gc,init] Heap Initial Capacity: 1G
[2022-10-27T17:56:42.055+0100][gc,init] Heap Max Capacity: 1G
[2022-10-27T17:56:42.055+0100][gc,init] Pre-touch: Disabled
[2022-10-27T17:56:42.055+0100][gc,init] Parallel Workers: 13
[2022-10-27T17:56:42.055+0100][gc,init] Concurrent Workers: 3
[2022-10-27T17:56:42.055+0100][gc,init] Concurrent Refinement Workers: 13
[2022-10-27T17:56:42.055+0100][gc,init] Periodic GC: Disabled
[2022-10-27T17:56:42.055+0100][gc,metaspace] CDS archive(s) mapped at: [0x0000000800000000-0x0000000800be3000-0x0000000800be3000), size 12464128, SharedBaseAddress: 0x0000000800000000, ArchiveRelocationMode: 0.
[2022-10-27T17:56:42.055+0100][gc,metaspace] Compressed class space mapped at: 0x0000000800c00000-0x0000000840c00000, reserved size: 1073741824
[2022-10-27T17:56:42.055+0100][gc,metaspace] Narrow klass base: 0x0000000800000000, Narrow klass shift: 0, Narrow klass range: 0x100000000
[2022-10-27T17:56:42.620+0100][gc,start    ] GC(0) Pause Young (Normal) (G1 Evacuation Pause)
[2022-10-27T17:56:42.620+0100][gc,task     ] GC(0) Using 13 workers of 13 for evacuation
[2022-10-27T17:56:42.623+0100][gc,phases   ] GC(0)   Pre Evacuate Collection Set: 0,1ms
[2022-10-27T17:56:42.623+0100][gc,phases   ] GC(0)   Merge Heap Roots: 0,0ms
[2022-10-27T17:56:42.623+0100][gc,phases   ] GC(0)   Evacuate Collection Set: 2,3ms
[2022-10-27T17:56:42.623+0100][gc,phases   ] GC(0)   Post Evacuate Collection Set: 0,3ms
[2022-10-27T17:56:42.623+0100][gc,phases   ] GC(0)   Other: 0,6ms
[2022-10-27T17:56:42.623+0100][gc,heap     ] GC(0) Eden regions: 51->0(44)
[2022-10-27T17:56:42.623+0100][gc,heap     ] GC(0) Survivor regions: 0->7(7)
[2022-10-27T17:56:42.623+0100][gc,heap     ] GC(0) Old regions: 0->1
[2022-10-27T17:56:42.623+0100][gc,heap     ] GC(0) Archive regions: 2->2
[2022-10-27T17:56:42.623+0100][gc,heap     ] GC(0) Humongous regions: 0->0
[2022-10-27T17:56:42.623+0100][gc,metaspace] GC(0) Metaspace: 18408K(18496K)->18408K(18496K) NonClass: 16216K(16256K)->16216K(16256K) Class: 2192K(2240K)->2192K(2240K)
[2022-10-27T17:56:42.623+0100][gc          ] GC(0) Pause Young (Normal) (G1 Evacuation Pause) 51M->8M(1024M) 3,455ms
[2022-10-27T17:56:42.623+0100][gc,cpu      ] GC(0) User=0,02s Sys=0,00s Real=0,00s
[2022-10-27T17:56:42.759+0100][gc,start    ] GC(1) Pause Young (Concurrent Start) (Metadata GC Threshold)
[2022-10-27T17:56:42.759+0100][gc,task     ] GC(1) Using 13 workers of 13 for evacuation
[2022-10-27T17:56:42.762+0100][gc,phases   ] GC(1)   Pre Evacuate Collection Set: 0,1ms
[2022-10-27T17:56:42.762+0100][gc,phases   ] GC(1)   Merge Heap Roots: 0,0ms
[2022-10-27T17:56:42.762+0100][gc,phases   ] GC(1)   Evacuate Collection Set: 2,7ms
[2022-10-27T17:56:42.762+0100][gc,phases   ] GC(1)   Post Evacuate Collection Set: 0,3ms
[2022-10-27T17:56:42.762+0100][gc,phases   ] GC(1)   Other: 0,2ms
[2022-10-27T17:56:42.762+0100][gc,heap     ] GC(1) Eden regions: 13->0(49)
[2022-10-27T17:56:42.762+0100][gc,heap     ] GC(1) Survivor regions: 7->2(7)
[2022-10-27T17:56:42.762+0100][gc,heap     ] GC(1) Old regions: 1->8
[2022-10-27T17:56:42.762+0100][gc,heap     ] GC(1) Archive regions: 2->2
[2022-10-27T17:56:42.762+0100][gc,heap     ] GC(1) Humongous regions: 129->129
[2022-10-27T17:56:42.762+0100][gc,metaspace] GC(1) Metaspace: 21339K(21504K)->21339K(21504K) NonClass: 18756K(18816K)->18756K(18816K) Class: 2583K(2688K)->2583K(2688K)
[2022-10-27T17:56:42.762+0100][gc          ] GC(1) Pause Young (Concurrent Start) (Metadata GC Threshold) 149M->138M(1024M) 3,266ms
[2022-10-27T17:56:42.762+0100][gc,cpu      ] GC(1) User=0,02s Sys=0,01s Real=0,00s
[2022-10-27T17:56:42.762+0100][gc          ] GC(2) Concurrent Mark Cycle
[2022-10-27T17:56:42.762+0100][gc,marking  ] GC(2) Concurrent Clear Claimed Marks
[2022-10-27T17:56:42.762+0100][gc,marking  ] GC(2) Concurrent Clear Claimed Marks 0,013ms
[2022-10-27T17:56:42.762+0100][gc,marking  ] GC(2) Concurrent Scan Root Regions
[2022-10-27T17:56:42.763+0100][gc,marking  ] GC(2) Concurrent Scan Root Regions 1,266ms
[2022-10-27T17:56:42.763+0100][gc,marking  ] GC(2) Concurrent Mark
[2022-10-27T17:56:42.763+0100][gc,marking  ] GC(2) Concurrent Mark From Roots
[2022-10-27T17:56:42.763+0100][gc,task     ] GC(2) Using 3 workers of 3 for marking
[2022-10-27T17:56:42.765+0100][gc,marking  ] GC(2) Concurrent Mark From Roots 1,207ms
[2022-10-27T17:56:42.765+0100][gc,marking  ] GC(2) Concurrent Preclean
[2022-10-27T17:56:42.765+0100][gc,marking  ] GC(2) Concurrent Preclean 0,041ms
[2022-10-27T17:56:42.765+0100][gc,start    ] GC(2) Pause Remark
[2022-10-27T17:56:42.765+0100][gc          ] GC(2) Pause Remark 139M->139M(1024M) 0,758ms
[2022-10-27T17:56:42.765+0100][gc,cpu      ] GC(2) User=0,00s Sys=0,00s Real=0,00s
[2022-10-27T17:56:42.765+0100][gc,marking  ] GC(2) Concurrent Mark 2,079ms
[2022-10-27T17:56:42.765+0100][gc,marking  ] GC(2) Concurrent Rebuild Remembered Sets
[2022-10-27T17:56:42.767+0100][gc,marking  ] GC(2) Concurrent Rebuild Remembered Sets 1,562ms
[2022-10-27T17:56:42.767+0100][gc,start    ] GC(2) Pause Cleanup
[2022-10-27T17:56:42.767+0100][gc          ] GC(2) Pause Cleanup 139M->139M(1024M) 0,075ms
[2022-10-27T17:56:42.767+0100][gc,cpu      ] GC(2) User=0,00s Sys=0,00s Real=0,00s
[2022-10-27T17:56:42.767+0100][gc,marking  ] GC(2) Concurrent Cleanup for Next Mark
[2022-10-27T17:56:42.769+0100][gc,marking  ] GC(2) Concurrent Cleanup for Next Mark 1,692ms
[2022-10-27T17:56:42.769+0100][gc          ] GC(2) Concurrent Mark Cycle 6,884ms
[2022-10-27T17:56:43.204+0100][gc,heap,exit] Heap
[2022-10-27T17:56:43.204+0100][gc,heap,exit]  garbage-first heap   total 1048576K, used 183052K [0x00000000c0000000, 0x0000000100000000)
[2022-10-27T17:56:43.204+0100][gc,heap,exit]   region size 1024K, 42 young (43008K), 2 survivors (2048K)
[2022-10-27T17:56:43.204+0100][gc,heap,exit]  Metaspace       used 29511K, committed 29760K, reserved 1081344K
[2022-10-27T17:56:43.204+0100][gc,heap,exit]   class space    used 3442K, committed 3520K, reserved 1048576K
