[2022-10-27T17:41:27.919+0100][gc] Using G1
[2022-10-27T17:41:27.923+0100][gc,init] Version: 17.0.4+8-Ubuntu-122.04 (release)
[2022-10-27T17:41:27.923+0100][gc,init] CPUs: 16 total, 16 available
[2022-10-27T17:41:27.923+0100][gc,init] Memory: 31939M
[2022-10-27T17:41:27.923+0100][gc,init] Large Page Support: Disabled
[2022-10-27T17:41:27.923+0100][gc,init] NUMA Support: Disabled
[2022-10-27T17:41:27.923+0100][gc,init] Compressed Oops: Enabled (32-bit)
[2022-10-27T17:41:27.923+0100][gc,init] Heap Region Size: 1M
[2022-10-27T17:41:27.923+0100][gc,init] Heap Min Capacity: 1G
[2022-10-27T17:41:27.923+0100][gc,init] Heap Initial Capacity: 1G
[2022-10-27T17:41:27.923+0100][gc,init] Heap Max Capacity: 1G
[2022-10-27T17:41:27.923+0100][gc,init] Pre-touch: Disabled
[2022-10-27T17:41:27.923+0100][gc,init] Parallel Workers: 13
[2022-10-27T17:41:27.923+0100][gc,init] Concurrent Workers: 3
[2022-10-27T17:41:27.923+0100][gc,init] Concurrent Refinement Workers: 13
[2022-10-27T17:41:27.923+0100][gc,init] Periodic GC: Disabled
[2022-10-27T17:41:27.923+0100][gc,metaspace] CDS archive(s) mapped at: [0x0000000800000000-0x0000000800be3000-0x0000000800be3000), size 12464128, SharedBaseAddress: 0x0000000800000000, ArchiveRelocationMode: 0.
[2022-10-27T17:41:27.923+0100][gc,metaspace] Compressed class space mapped at: 0x0000000800c00000-0x0000000840c00000, reserved size: 1073741824
[2022-10-27T17:41:27.923+0100][gc,metaspace] Narrow klass base: 0x0000000800000000, Narrow klass shift: 0, Narrow klass range: 0x100000000
[2022-10-27T17:41:28.527+0100][gc,start    ] GC(0) Pause Young (Normal) (G1 Evacuation Pause)
[2022-10-27T17:41:28.528+0100][gc,task     ] GC(0) Using 13 workers of 13 for evacuation
[2022-10-27T17:41:28.531+0100][gc,phases   ] GC(0)   Pre Evacuate Collection Set: 0,1ms
[2022-10-27T17:41:28.531+0100][gc,phases   ] GC(0)   Merge Heap Roots: 0,1ms
[2022-10-27T17:41:28.531+0100][gc,phases   ] GC(0)   Evacuate Collection Set: 2,9ms
[2022-10-27T17:41:28.531+0100][gc,phases   ] GC(0)   Post Evacuate Collection Set: 0,3ms
[2022-10-27T17:41:28.531+0100][gc,phases   ] GC(0)   Other: 0,7ms
[2022-10-27T17:41:28.531+0100][gc,heap     ] GC(0) Eden regions: 51->0(44)
[2022-10-27T17:41:28.531+0100][gc,heap     ] GC(0) Survivor regions: 0->7(7)
[2022-10-27T17:41:28.531+0100][gc,heap     ] GC(0) Old regions: 0->1
[2022-10-27T17:41:28.531+0100][gc,heap     ] GC(0) Archive regions: 2->2
[2022-10-27T17:41:28.531+0100][gc,heap     ] GC(0) Humongous regions: 0->0
[2022-10-27T17:41:28.531+0100][gc,metaspace] GC(0) Metaspace: 18335K(18496K)->18335K(18496K) NonClass: 16144K(16256K)->16144K(16256K) Class: 2191K(2240K)->2191K(2240K)
[2022-10-27T17:41:28.532+0100][gc          ] GC(0) Pause Young (Normal) (G1 Evacuation Pause) 51M->8M(1024M) 4,164ms
[2022-10-27T17:41:28.532+0100][gc,cpu      ] GC(0) User=0,02s Sys=0,00s Real=0,00s
[2022-10-27T17:41:28.681+0100][gc,start    ] GC(1) Pause Young (Concurrent Start) (Metadata GC Threshold)
[2022-10-27T17:41:28.681+0100][gc,task     ] GC(1) Using 13 workers of 13 for evacuation
[2022-10-27T17:41:28.683+0100][gc,phases   ] GC(1)   Pre Evacuate Collection Set: 0,1ms
[2022-10-27T17:41:28.683+0100][gc,phases   ] GC(1)   Merge Heap Roots: 0,0ms
[2022-10-27T17:41:28.683+0100][gc,phases   ] GC(1)   Evacuate Collection Set: 1,8ms
[2022-10-27T17:41:28.683+0100][gc,phases   ] GC(1)   Post Evacuate Collection Set: 0,2ms
[2022-10-27T17:41:28.683+0100][gc,phases   ] GC(1)   Other: 0,1ms
[2022-10-27T17:41:28.683+0100][gc,heap     ] GC(1) Eden regions: 13->0(49)
[2022-10-27T17:41:28.683+0100][gc,heap     ] GC(1) Survivor regions: 7->2(7)
[2022-10-27T17:41:28.683+0100][gc,heap     ] GC(1) Old regions: 1->8
[2022-10-27T17:41:28.683+0100][gc,heap     ] GC(1) Archive regions: 2->2
[2022-10-27T17:41:28.683+0100][gc,heap     ] GC(1) Humongous regions: 129->129
[2022-10-27T17:41:28.683+0100][gc,metaspace] GC(1) Metaspace: 21264K(21504K)->21264K(21504K) NonClass: 18689K(18816K)->18689K(18816K) Class: 2574K(2688K)->2574K(2688K)
[2022-10-27T17:41:28.683+0100][gc          ] GC(1) Pause Young (Concurrent Start) (Metadata GC Threshold) 149M->138M(1024M) 2,325ms
[2022-10-27T17:41:28.683+0100][gc,cpu      ] GC(1) User=0,02s Sys=0,01s Real=0,00s
[2022-10-27T17:41:28.683+0100][gc          ] GC(2) Concurrent Mark Cycle
[2022-10-27T17:41:28.683+0100][gc,marking  ] GC(2) Concurrent Clear Claimed Marks
[2022-10-27T17:41:28.683+0100][gc,marking  ] GC(2) Concurrent Clear Claimed Marks 0,007ms
[2022-10-27T17:41:28.683+0100][gc,marking  ] GC(2) Concurrent Scan Root Regions
[2022-10-27T17:41:28.685+0100][gc,marking  ] GC(2) Concurrent Scan Root Regions 1,139ms
[2022-10-27T17:41:28.685+0100][gc,marking  ] GC(2) Concurrent Mark
[2022-10-27T17:41:28.685+0100][gc,marking  ] GC(2) Concurrent Mark From Roots
[2022-10-27T17:41:28.685+0100][gc,task     ] GC(2) Using 3 workers of 3 for marking
[2022-10-27T17:41:28.686+0100][gc,marking  ] GC(2) Concurrent Mark From Roots 1,135ms
[2022-10-27T17:41:28.686+0100][gc,marking  ] GC(2) Concurrent Preclean
[2022-10-27T17:41:28.686+0100][gc,marking  ] GC(2) Concurrent Preclean 0,040ms
[2022-10-27T17:41:28.686+0100][gc,start    ] GC(2) Pause Remark
[2022-10-27T17:41:28.687+0100][gc          ] GC(2) Pause Remark 139M->139M(1024M) 0,738ms
[2022-10-27T17:41:28.687+0100][gc,cpu      ] GC(2) User=0,00s Sys=0,00s Real=0,00s
[2022-10-27T17:41:28.687+0100][gc,marking  ] GC(2) Concurrent Mark 1,979ms
[2022-10-27T17:41:28.687+0100][gc,marking  ] GC(2) Concurrent Rebuild Remembered Sets
[2022-10-27T17:41:28.687+0100][gc,marking  ] GC(2) Concurrent Rebuild Remembered Sets 0,787ms
[2022-10-27T17:41:28.687+0100][gc,start    ] GC(2) Pause Cleanup
[2022-10-27T17:41:28.688+0100][gc          ] GC(2) Pause Cleanup 139M->139M(1024M) 0,083ms
[2022-10-27T17:41:28.688+0100][gc,cpu      ] GC(2) User=0,00s Sys=0,00s Real=0,00s
[2022-10-27T17:41:28.688+0100][gc,marking  ] GC(2) Concurrent Cleanup for Next Mark
[2022-10-27T17:41:28.689+0100][gc,marking  ] GC(2) Concurrent Cleanup for Next Mark 1,493ms
[2022-10-27T17:41:28.689+0100][gc          ] GC(2) Concurrent Mark Cycle 5,667ms
[2022-10-27T17:41:29.030+0100][gc,start    ] GC(3) Pause Young (Normal) (G1 Evacuation Pause)
[2022-10-27T17:41:29.030+0100][gc,task     ] GC(3) Using 13 workers of 13 for evacuation
[2022-10-27T17:41:29.032+0100][gc,phases   ] GC(3)   Pre Evacuate Collection Set: 0,1ms
[2022-10-27T17:41:29.032+0100][gc,phases   ] GC(3)   Merge Heap Roots: 0,0ms
[2022-10-27T17:41:29.032+0100][gc,phases   ] GC(3)   Evacuate Collection Set: 1,6ms
[2022-10-27T17:41:29.032+0100][gc,phases   ] GC(3)   Post Evacuate Collection Set: 0,2ms
[2022-10-27T17:41:29.032+0100][gc,phases   ] GC(3)   Other: 0,1ms
[2022-10-27T17:41:29.032+0100][gc,heap     ] GC(3) Eden regions: 49->0(45)
[2022-10-27T17:41:29.032+0100][gc,heap     ] GC(3) Survivor regions: 2->6(7)
[2022-10-27T17:41:29.032+0100][gc,heap     ] GC(3) Old regions: 8->8
[2022-10-27T17:41:29.032+0100][gc,heap     ] GC(3) Archive regions: 2->2
[2022-10-27T17:41:29.032+0100][gc,heap     ] GC(3) Humongous regions: 129->129
[2022-10-27T17:41:29.032+0100][gc,metaspace] GC(3) Metaspace: 32975K(33216K)->32975K(33216K) NonClass: 29258K(29376K)->29258K(29376K) Class: 3717K(3840K)->3717K(3840K)
[2022-10-27T17:41:29.032+0100][gc          ] GC(3) Pause Young (Normal) (G1 Evacuation Pause) 187M->142M(1024M) 1,972ms
[2022-10-27T17:41:29.032+0100][gc,cpu      ] GC(3) User=0,02s Sys=0,00s Real=0,00s
[2022-10-27T17:56:13.880+0100][gc,start    ] GC(4) Pause Young (Concurrent Start) (Metadata GC Threshold)
[2022-10-27T17:56:13.880+0100][gc,task     ] GC(4) Using 13 workers of 13 for evacuation
[2022-10-27T17:56:13.883+0100][gc,phases   ] GC(4)   Pre Evacuate Collection Set: 0,1ms
[2022-10-27T17:56:13.883+0100][gc,phases   ] GC(4)   Merge Heap Roots: 0,0ms
[2022-10-27T17:56:13.883+0100][gc,phases   ] GC(4)   Evacuate Collection Set: 2,1ms
[2022-10-27T17:56:13.883+0100][gc,phases   ] GC(4)   Post Evacuate Collection Set: 0,2ms
[2022-10-27T17:56:13.883+0100][gc,phases   ] GC(4)   Other: 0,1ms
[2022-10-27T17:56:13.883+0100][gc,heap     ] GC(4) Eden regions: 23->0(50)
[2022-10-27T17:56:13.883+0100][gc,heap     ] GC(4) Survivor regions: 6->1(7)
[2022-10-27T17:56:13.883+0100][gc,heap     ] GC(4) Old regions: 8->13
[2022-10-27T17:56:13.883+0100][gc,heap     ] GC(4) Archive regions: 2->2
[2022-10-27T17:56:13.883+0100][gc,heap     ] GC(4) Humongous regions: 129->129
[2022-10-27T17:56:13.883+0100][gc,metaspace] GC(4) Metaspace: 35591K(35968K)->35591K(35968K) NonClass: 31498K(31680K)->31498K(31680K) Class: 4093K(4288K)->4093K(4288K)
[2022-10-27T17:56:13.883+0100][gc          ] GC(4) Pause Young (Concurrent Start) (Metadata GC Threshold) 164M->143M(1024M) 2,525ms
[2022-10-27T17:56:13.883+0100][gc,cpu      ] GC(4) User=0,01s Sys=0,00s Real=0,00s
[2022-10-27T17:56:13.883+0100][gc          ] GC(5) Concurrent Mark Cycle
[2022-10-27T17:56:13.883+0100][gc,marking  ] GC(5) Concurrent Clear Claimed Marks
[2022-10-27T17:56:13.883+0100][gc,marking  ] GC(5) Concurrent Clear Claimed Marks 0,020ms
[2022-10-27T17:56:13.883+0100][gc,marking  ] GC(5) Concurrent Scan Root Regions
[2022-10-27T17:56:13.884+0100][gc,marking  ] GC(5) Concurrent Scan Root Regions 1,231ms
[2022-10-27T17:56:13.884+0100][gc,marking  ] GC(5) Concurrent Mark
[2022-10-27T17:56:13.884+0100][gc,marking  ] GC(5) Concurrent Mark From Roots
[2022-10-27T17:56:13.884+0100][gc,task     ] GC(5) Using 3 workers of 3 for marking
[2022-10-27T17:56:13.887+0100][gc,marking  ] GC(5) Concurrent Mark From Roots 2,862ms
[2022-10-27T17:56:13.887+0100][gc,marking  ] GC(5) Concurrent Preclean
[2022-10-27T17:56:13.887+0100][gc,marking  ] GC(5) Concurrent Preclean 0,143ms
[2022-10-27T17:56:13.887+0100][gc,start    ] GC(5) Pause Remark
[2022-10-27T17:56:13.889+0100][gc          ] GC(5) Pause Remark 144M->144M(1024M) 2,095ms
[2022-10-27T17:56:13.889+0100][gc,cpu      ] GC(5) User=0,01s Sys=0,00s Real=0,00s
[2022-10-27T17:56:13.889+0100][gc,marking  ] GC(5) Concurrent Mark 5,244ms
[2022-10-27T17:56:13.889+0100][gc,marking  ] GC(5) Concurrent Rebuild Remembered Sets
[2022-10-27T17:56:13.891+0100][gc,marking  ] GC(5) Concurrent Rebuild Remembered Sets 1,807ms
[2022-10-27T17:56:13.891+0100][gc,start    ] GC(5) Pause Cleanup
[2022-10-27T17:56:13.891+0100][gc          ] GC(5) Pause Cleanup 144M->144M(1024M) 0,094ms
[2022-10-27T17:56:13.891+0100][gc,cpu      ] GC(5) User=0,00s Sys=0,00s Real=0,00s
[2022-10-27T17:56:13.891+0100][gc,marking  ] GC(5) Concurrent Cleanup for Next Mark
[2022-10-27T17:56:13.893+0100][gc,marking  ] GC(5) Concurrent Cleanup for Next Mark 1,925ms
[2022-10-27T17:56:13.893+0100][gc          ] GC(5) Concurrent Mark Cycle 10,640ms
[2022-10-27T17:56:15.164+0100][gc,heap,exit] Heap
[2022-10-27T17:56:15.164+0100][gc,heap,exit]  garbage-first heap   total 1048576K, used 153859K [0x00000000c0000000, 0x0000000100000000)
[2022-10-27T17:56:15.164+0100][gc,heap,exit]   region size 1024K, 8 young (8192K), 1 survivors (1024K)
[2022-10-27T17:56:15.164+0100][gc,heap,exit]  Metaspace       used 35915K, committed 36288K, reserved 1081344K
[2022-10-27T17:56:15.164+0100][gc,heap,exit]   class space    used 4159K, committed 4352K, reserved 1048576K
