[2022-10-28T18:40:55.349+0100][gc] Using G1
[2022-10-28T18:40:55.351+0100][gc,init] Version: 17.0.4+8-Ubuntu-122.04 (release)
[2022-10-28T18:40:55.351+0100][gc,init] CPUs: 16 total, 16 available
[2022-10-28T18:40:55.351+0100][gc,init] Memory: 31939M
[2022-10-28T18:40:55.351+0100][gc,init] Large Page Support: Disabled
[2022-10-28T18:40:55.351+0100][gc,init] NUMA Support: Disabled
[2022-10-28T18:40:55.351+0100][gc,init] Compressed Oops: Enabled (32-bit)
[2022-10-28T18:40:55.351+0100][gc,init] Heap Region Size: 1M
[2022-10-28T18:40:55.351+0100][gc,init] Heap Min Capacity: 512M
[2022-10-28T18:40:55.351+0100][gc,init] Heap Initial Capacity: 512M
[2022-10-28T18:40:55.351+0100][gc,init] Heap Max Capacity: 512M
[2022-10-28T18:40:55.351+0100][gc,init] Pre-touch: Disabled
[2022-10-28T18:40:55.351+0100][gc,init] Parallel Workers: 13
[2022-10-28T18:40:55.351+0100][gc,init] Concurrent Workers: 3
[2022-10-28T18:40:55.351+0100][gc,init] Concurrent Refinement Workers: 13
[2022-10-28T18:40:55.351+0100][gc,init] Periodic GC: Disabled
[2022-10-28T18:40:55.351+0100][gc,metaspace] CDS archive(s) mapped at: [0x0000000800000000-0x0000000800be3000-0x0000000800be3000), size 12464128, SharedBaseAddress: 0x0000000800000000, ArchiveRelocationMode: 0.
[2022-10-28T18:40:55.351+0100][gc,metaspace] Compressed class space mapped at: 0x0000000800c00000-0x0000000840c00000, reserved size: 1073741824
[2022-10-28T18:40:55.351+0100][gc,metaspace] Narrow klass base: 0x0000000800000000, Narrow klass shift: 0, Narrow klass range: 0x100000000
[2022-10-28T18:43:54.184+0100][gc,start    ] GC(0) Pause Young (Normal) (G1 Evacuation Pause)
[2022-10-28T18:43:54.184+0100][gc,task     ] GC(0) Using 12 workers of 13 for evacuation
[2022-10-28T18:43:54.186+0100][gc,phases   ] GC(0)   Pre Evacuate Collection Set: 0,1ms
[2022-10-28T18:43:54.186+0100][gc,phases   ] GC(0)   Merge Heap Roots: 0,0ms
[2022-10-28T18:43:54.186+0100][gc,phases   ] GC(0)   Evacuate Collection Set: 1,6ms
[2022-10-28T18:43:54.186+0100][gc,phases   ] GC(0)   Post Evacuate Collection Set: 0,2ms
[2022-10-28T18:43:54.186+0100][gc,phases   ] GC(0)   Other: 0,4ms
[2022-10-28T18:43:54.186+0100][gc,heap     ] GC(0) Eden regions: 25->0(21)
[2022-10-28T18:43:54.186+0100][gc,heap     ] GC(0) Survivor regions: 0->4(4)
[2022-10-28T18:43:54.186+0100][gc,heap     ] GC(0) Old regions: 0->4
[2022-10-28T18:43:54.186+0100][gc,heap     ] GC(0) Archive regions: 2->2
[2022-10-28T18:43:54.186+0100][gc,heap     ] GC(0) Humongous regions: 0->0
[2022-10-28T18:43:54.186+0100][gc,metaspace] GC(0) Metaspace: 8070K(8256K)->8070K(8256K) NonClass: 7175K(7296K)->7175K(7296K) Class: 894K(960K)->894K(960K)
[2022-10-28T18:43:54.186+0100][gc          ] GC(0) Pause Young (Normal) (G1 Evacuation Pause) 25M->8M(512M) 2,294ms
[2022-10-28T18:43:54.186+0100][gc,cpu      ] GC(0) User=0,02s Sys=0,00s Real=0,00s
[2022-10-28T18:58:28.954+0100][gc,heap,exit] Heap
[2022-10-28T18:58:28.954+0100][gc,heap,exit]  garbage-first heap   total 524288K, used 22593K [0x00000000e0000000, 0x0000000100000000)
[2022-10-28T18:58:28.954+0100][gc,heap,exit]   region size 1024K, 19 young (19456K), 4 survivors (4096K)
[2022-10-28T18:58:28.954+0100][gc,heap,exit]  Metaspace       used 8941K, committed 9152K, reserved 1064960K
[2022-10-28T18:58:28.954+0100][gc,heap,exit]   class space    used 918K, committed 1024K, reserved 1048576K
